2026-06-30 13:56:55,504 | INFO     | 🚀 Starting Advanced Batch Commander...
2026-06-30 13:56:55,705 | INFO     | HTTP Request: GET http://localhost:4000/api/health "HTTP/1.1 200 OK"
2026-06-30 13:56:55,706 | INFO     | ✅ API Health Check Passed.
2026-06-30 13:56:55,707 | INFO     | 📋 Loaded 2 new jobs to process.
2026-06-30 13:56:56,014 | INFO     | HTTP Request: POST http://localhost:4000/api/jobs "HTTP/1.1 202 Accepted"
2026-06-30 13:56:56,021 | INFO     | HTTP Request: POST http://localhost:4000/api/jobs "HTTP/1.1 202 Accepted"
2026-06-30 13:56:56,024 | INFO     | HTTP Request: GET http://localhost:4000/api/jobs/job_1782820615788 "HTTP/1.1 200 OK"
2026-06-30 13:56:56,027 | INFO     | HTTP Request: GET http://localhost:4000/api/jobs/job_1782820616018 "HTTP/1.1 200 OK"
2026-06-30 13:56:57,032 | INFO     | ✅ Producer finished submitting all jobs.
2026-06-30 13:56:58,083 | INFO     | HTTP Request: GET http://localhost:4000/api/jobs/job_1782820616018 "HTTP/1.1 200 OK"
2026-06-30 13:56:58,087 | INFO     | HTTP Request: GET http://localhost:4000/api/jobs/job_1782820615788 "HTTP/1.1 200 OK"
2026-06-30 13:57:00,102 | INFO     | HTTP Request: GET http://localhost:4000/api/jobs/job_1782820615788 "HTTP/1.1 200 OK"
2026-06-30 13:57:00,105 | INFO     | HTTP Request: GET http://localhost:4000/api/jobs/job_1782820616018 "HTTP/1.1 200 OK"
2026-06-30 13:57:02,122 | INFO     | HTTP Request: GET http://localhost:4000/api/jobs/job_1782820616018 "HTTP/1.1 200 OK"
2026-06-30 13:57:02,126 | INFO     | HTTP Request: GET http://localhost:4000/api/jobs/job_1782820615788 "HTTP/1.1 200 OK"
2026-06-30 13:57:04,187 | INFO     | HTTP Request: GET http://localhost:4000/api/jobs/job_1782820616018 "HTTP/1.1 200 OK"
2026-06-30 13:57:04,219 | INFO     | HTTP Request: GET http://localhost:4000/api/jobs/job_1782820615788 "HTTP/1.1 200 OK"
2026-06-30 13:57:06,234 | INFO     | HTTP Request: GET http://localhost:4000/api/jobs/job_1782820616018 "HTTP/1.1 200 OK"
2026-06-30 13:57:06,240 | INFO     | HTTP Request: GET http://localhost:4000/api/jobs/job_1782820615788 "HTTP/1.1 200 OK"
2026-06-30 13:57:08,558 | INFO     | HTTP Request: GET http://localhost:4000/api/jobs/job_1782820616018 "HTTP/1.1 200 OK"
2026-06-30 13:57:08,562 | INFO     | HTTP Request: GET http://localhost:4000/api/jobs/job_1782820615788 "HTTP/1.1 200 OK"
2026-06-30 13:57:10,566 | INFO     | HTTP Request: GET http://localhost:4000/api/jobs/job_1782820616018 "HTTP/1.1 200 OK"
2026-06-30 13:57:10,569 | INFO     | HTTP Request: GET http://localhost:4000/api/jobs/job_1782820615788 "HTTP/1.1 200 OK"
2026-06-30 13:57:12,578 | INFO     | HTTP Request: GET http://localhost:4000/api/jobs/job_1782820615788 "HTTP/1.1 200 OK"
2026-06-30 13:57:12,581 | INFO     | HTTP Request: GET http://localhost:4000/api/jobs/job_1782820616018 "HTTP/1.1 200 OK"
2026-06-30 13:57:15,211 | INFO     | HTTP Request: GET http://localhost:4000/api/jobs/job_1782820615788 "HTTP/1.1 200 OK"
2026-06-30 13:57:15,285 | INFO     | HTTP Request: GET http://localhost:4000/api/jobs/job_1782820616018 "HTTP/1.1 200 OK"
2026-06-30 13:57:17,299 | INFO     | HTTP Request: GET http://localhost:4000/api/jobs/job_1782820615788 "HTTP/1.1 200 OK"
2026-06-30 13:57:17,387 | INFO     | HTTP Request: GET http://localhost:4000/api/jobs/job_1782820616018 "HTTP/1.1 200 OK"
2026-06-30 13:57:19,340 | INFO     | HTTP Request: GET http://localhost:4000/api/jobs/job_1782820615788 "HTTP/1.1 200 OK"
2026-06-30 13:57:19,727 | INFO     | HTTP Request: GET http://localhost:4000/api/jobs/job_1782820616018 "HTTP/1.1 200 OK"
2026-06-30 13:57:22,136 | INFO     | HTTP Request: GET http://localhost:4000/api/jobs/job_1782820615788 "HTTP/1.1 200 OK"
2026-06-30 13:57:22,456 | INFO     | HTTP Request: GET http://localhost:4000/api/jobs/job_1782820616018 "HTTP/1.1 200 OK"
2026-06-30 13:57:24,283 | INFO     | HTTP Request: GET http://localhost:4000/api/jobs/job_1782820615788 "HTTP/1.1 200 OK"
2026-06-30 13:57:24,629 | INFO     | HTTP Request: GET http://localhost:4000/api/jobs/job_1782820616018 "HTTP/1.1 200 OK"
2026-06-30 13:57:26,625 | INFO     | HTTP Request: GET http://localhost:4000/api/jobs/job_1782820615788 "HTTP/1.1 200 OK"
2026-06-30 13:57:27,122 | INFO     | HTTP Request: GET http://localhost:4000/api/jobs/job_1782820616018 "HTTP/1.1 200 OK"
2026-06-30 13:57:29,413 | INFO     | HTTP Request: GET http://localhost:4000/api/jobs/job_1782820615788 "HTTP/1.1 200 OK"
2026-06-30 13:57:29,591 | INFO     | HTTP Request: GET http://localhost:4000/api/jobs/job_1782820616018 "HTTP/1.1 200 OK"
2026-06-30 13:57:31,468 | INFO     | HTTP Request: GET http://localhost:4000/api/jobs/job_1782820615788 "HTTP/1.1 200 OK"
2026-06-30 13:57:31,674 | INFO     | HTTP Request: GET http://localhost:4000/api/jobs/job_1782820616018 "HTTP/1.1 200 OK"
2026-06-30 13:57:33,488 | INFO     | HTTP Request: GET http://localhost:4000/api/jobs/job_1782820615788 "HTTP/1.1 200 OK"
2026-06-30 13:57:33,699 | INFO     | HTTP Request: GET http://localhost:4000/api/jobs/job_1782820616018 "HTTP/1.1 200 OK"
2026-06-30 13:57:35,552 | INFO     | HTTP Request: GET http://localhost:4000/api/jobs/job_1782820615788 "HTTP/1.1 200 OK"
2026-06-30 13:57:35,721 | INFO     | HTTP Request: GET http://localhost:4000/api/jobs/job_1782820616018 "HTTP/1.1 200 OK"
2026-06-30 13:57:37,581 | INFO     | HTTP Request: GET http://localhost:4000/api/jobs/job_1782820615788 "HTTP/1.1 200 OK"
2026-06-30 13:57:37,742 | INFO     | HTTP Request: GET http://localhost:4000/api/jobs/job_1782820616018 "HTTP/1.1 200 OK"
2026-06-30 13:57:39,626 | INFO     | HTTP Request: GET http://localhost:4000/api/jobs/job_1782820615788 "HTTP/1.1 200 OK"
2026-06-30 13:57:39,755 | INFO     | HTTP Request: GET http://localhost:4000/api/jobs/job_1782820616018 "HTTP/1.1 200 OK"
2026-06-30 13:57:41,685 | INFO     | HTTP Request: GET http://localhost:4000/api/jobs/job_1782820615788 "HTTP/1.1 200 OK"
2026-06-30 13:57:41,784 | INFO     | HTTP Request: GET http://localhost:4000/api/jobs/job_1782820616018 "HTTP/1.1 200 OK"
2026-06-30 13:57:43,990 | INFO     | HTTP Request: GET http://localhost:4000/api/jobs/job_1782820615788 "HTTP/1.1 200 OK"
2026-06-30 13:57:44,139 | INFO     | HTTP Request: GET http://localhost:4000/api/jobs/job_1782820616018 "HTTP/1.1 200 OK"
2026-06-30 13:57:46,055 | INFO     | HTTP Request: GET http://localhost:4000/api/jobs/job_1782820615788 "HTTP/1.1 200 OK"
2026-06-30 13:57:46,175 | INFO     | HTTP Request: GET http://localhost:4000/api/jobs/job_1782820616018 "HTTP/1.1 200 OK"
2026-06-30 13:57:48,094 | INFO     | HTTP Request: GET http://localhost:4000/api/jobs/job_1782820615788 "HTTP/1.1 200 OK"
2026-06-30 13:57:48,213 | INFO     | HTTP Request: GET http://localhost:4000/api/jobs/job_1782820616018 "HTTP/1.1 200 OK"
2026-06-30 13:57:50,129 | INFO     | HTTP Request: GET http://localhost:4000/api/jobs/job_1782820615788 "HTTP/1.1 200 OK"
2026-06-30 13:57:50,225 | INFO     | HTTP Request: GET http://localhost:4000/api/jobs/job_1782820616018 "HTTP/1.1 200 OK"
2026-06-30 13:57:52,524 | INFO     | HTTP Request: GET http://localhost:4000/api/jobs/job_1782820615788 "HTTP/1.1 200 OK"
2026-06-30 13:57:52,645 | INFO     | HTTP Request: GET http://localhost:4000/api/jobs/job_1782820616018 "HTTP/1.1 200 OK"
2026-06-30 13:57:54,638 | INFO     | HTTP Request: GET http://localhost:4000/api/jobs/job_1782820615788 "HTTP/1.1 200 OK"
2026-06-30 13:57:54,723 | INFO     | HTTP Request: GET http://localhost:4000/api/jobs/job_1782820616018 "HTTP/1.1 200 OK"
2026-06-30 13:57:56,926 | INFO     | HTTP Request: GET http://localhost:4000/api/jobs/job_1782820615788 "HTTP/1.1 200 OK"
2026-06-30 13:57:57,096 | INFO     | HTTP Request: GET http://localhost:4000/api/jobs/job_1782820616018 "HTTP/1.1 200 OK"
2026-06-30 13:57:58,954 | INFO     | HTTP Request: GET http://localhost:4000/api/jobs/job_1782820615788 "HTTP/1.1 200 OK"
2026-06-30 13:57:59,121 | INFO     | HTTP Request: GET http://localhost:4000/api/jobs/job_1782820616018 "HTTP/1.1 200 OK"
2026-06-30 13:58:01,011 | INFO     | HTTP Request: GET http://localhost:4000/api/jobs/job_1782820615788 "HTTP/1.1 200 OK"
2026-06-30 13:58:01,149 | INFO     | HTTP Request: GET http://localhost:4000/api/jobs/job_1782820616018 "HTTP/1.1 200 OK"
2026-06-30 13:58:03,213 | INFO     | HTTP Request: GET http://localhost:4000/api/jobs/job_1782820615788 "HTTP/1.1 200 OK"
2026-06-30 13:58:03,760 | INFO     | HTTP Request: GET http://localhost:4000/api/jobs/job_1782820616018 "HTTP/1.1 200 OK"
2026-06-30 13:58:05,340 | INFO     | HTTP Request: GET http://localhost:4000/api/jobs/job_1782820615788 "HTTP/1.1 200 OK"
2026-06-30 13:58:05,953 | INFO     | HTTP Request: GET http://localhost:4000/api/jobs/job_1782820616018 "HTTP/1.1 200 OK"
2026-06-30 13:58:07,357 | INFO     | HTTP Request: GET http://localhost:4000/api/jobs/job_1782820615788 "HTTP/1.1 200 OK"
2026-06-30 13:58:08,008 | INFO     | HTTP Request: GET http://localhost:4000/api/jobs/job_1782820616018 "HTTP/1.1 200 OK"
2026-06-30 13:58:09,382 | INFO     | HTTP Request: GET http://localhost:4000/api/jobs/job_1782820615788 "HTTP/1.1 200 OK"
2026-06-30 13:58:10,129 | INFO     | HTTP Request: GET http://localhost:4000/api/jobs/job_1782820616018 "HTTP/1.1 200 OK"
2026-06-30 13:58:11,409 | INFO     | HTTP Request: GET http://localhost:4000/api/jobs/job_1782820615788 "HTTP/1.1 200 OK"
2026-06-30 13:58:12,193 | INFO     | HTTP Request: GET http://localhost:4000/api/jobs/job_1782820616018 "HTTP/1.1 200 OK"
2026-06-30 13:58:13,553 | INFO     | HTTP Request: GET http://localhost:4000/api/jobs/job_1782820615788 "HTTP/1.1 200 OK"
2026-06-30 13:58:14,239 | INFO     | HTTP Request: GET http://localhost:4000/api/jobs/job_1782820616018 "HTTP/1.1 200 OK"
2026-06-30 13:58:15,604 | INFO     | HTTP Request: GET http://localhost:4000/api/jobs/job_1782820615788 "HTTP/1.1 200 OK"
2026-06-30 13:58:16,262 | INFO     | HTTP Request: GET http://localhost:4000/api/jobs/job_1782820616018 "HTTP/1.1 200 OK"
2026-06-30 13:58:17,668 | INFO     | HTTP Request: GET http://localhost:4000/api/jobs/job_1782820615788 "HTTP/1.1 200 OK"
2026-06-30 13:58:18,274 | INFO     | HTTP Request: GET http://localhost:4000/api/jobs/job_1782820616018 "HTTP/1.1 200 OK"
2026-06-30 13:58:19,833 | INFO     | HTTP Request: GET http://localhost:4000/api/jobs/job_1782820615788 "HTTP/1.1 200 OK"
2026-06-30 13:58:20,304 | INFO     | HTTP Request: GET http://localhost:4000/api/jobs/job_1782820616018 "HTTP/1.1 200 OK"
2026-06-30 13:58:21,869 | INFO     | HTTP Request: GET http://localhost:4000/api/jobs/job_1782820615788 "HTTP/1.1 200 OK"
2026-06-30 13:58:22,318 | INFO     | HTTP Request: GET http://localhost:4000/api/jobs/job_1782820616018 "HTTP/1.1 200 OK"
2026-06-30 13:58:24,118 | INFO     | HTTP Request: GET http://localhost:4000/api/jobs/job_1782820615788 "HTTP/1.1 200 OK"
2026-06-30 13:58:24,403 | INFO     | HTTP Request: GET http://localhost:4000/api/jobs/job_1782820616018 "HTTP/1.1 200 OK"
2026-06-30 13:58:26,333 | INFO     | HTTP Request: GET http://localhost:4000/api/jobs/job_1782820615788 "HTTP/1.1 200 OK"
2026-06-30 13:58:26,449 | INFO     | HTTP Request: GET http://localhost:4000/api/jobs/job_1782820616018 "HTTP/1.1 200 OK"
2026-06-30 13:58:28,352 | INFO     | HTTP Request: GET http://localhost:4000/api/jobs/job_1782820615788 "HTTP/1.1 200 OK"
2026-06-30 13:58:28,467 | INFO     | HTTP Request: GET http://localhost:4000/api/jobs/job_1782820616018 "HTTP/1.1 200 OK"
2026-06-30 13:58:30,616 | INFO     | HTTP Request: GET http://localhost:4000/api/jobs/job_1782820615788 "HTTP/1.1 200 OK"
2026-06-30 13:58:30,665 | INFO     | HTTP Request: GET http://localhost:4000/api/jobs/job_1782820616018 "HTTP/1.1 200 OK"
2026-06-30 13:58:32,629 | INFO     | HTTP Request: GET http://localhost:4000/api/jobs/job_1782820615788 "HTTP/1.1 200 OK"
2026-06-30 13:58:32,678 | INFO     | HTTP Request: GET http://localhost:4000/api/jobs/job_1782820616018 "HTTP/1.1 200 OK"
2026-06-30 13:58:34,784 | INFO     | HTTP Request: GET http://localhost:4000/api/jobs/job_1782820615788 "HTTP/1.1 200 OK"
2026-06-30 13:58:34,844 | INFO     | HTTP Request: GET http://localhost:4000/api/jobs/job_1782820616018 "HTTP/1.1 200 OK"
2026-06-30 13:58:36,842 | INFO     | HTTP Request: GET http://localhost:4000/api/jobs/job_1782820615788 "HTTP/1.1 200 OK"
2026-06-30 13:58:36,911 | INFO     | HTTP Request: GET http://localhost:4000/api/jobs/job_1782820616018 "HTTP/1.1 200 OK"
2026-06-30 13:58:38,873 | INFO     | HTTP Request: GET http://localhost:4000/api/jobs/job_1782820615788 "HTTP/1.1 200 OK"
2026-06-30 13:58:38,934 | INFO     | HTTP Request: GET http://localhost:4000/api/jobs/job_1782820616018 "HTTP/1.1 429 Too Many Requests"
2026-06-30 13:58:40,908 | INFO     | HTTP Request: GET http://localhost:4000/api/jobs/job_1782820615788 "HTTP/1.1 429 Too Many Requests"
2026-06-30 13:58:41,509 | INFO     | HTTP Request: GET http://localhost:4000/api/jobs/job_1782820616018 "HTTP/1.1 429 Too Many Requests"
2026-06-30 13:58:43,372 | INFO     | HTTP Request: GET http://localhost:4000/api/jobs/job_1782820615788 "HTTP/1.1 429 Too Many Requests"
2026-06-30 13:58:45,886 | INFO     | HTTP Request: GET http://localhost:4000/api/jobs/job_1782820616018 "HTTP/1.1 429 Too Many Requests"
2026-06-30 13:58:45,891 | ERROR    | ❌ Polling FAILED for job_1782820616018 | Client error '429 Too Many Requests' for url 'http://localhost:4000/api/jobs/job_1782820616018'
For more information check: https://developer.mozilla.org/en-US/docs/Web/HTTP/Status/429
2026-06-30 13:58:48,374 | INFO     | HTTP Request: GET http://localhost:4000/api/jobs/job_1782820615788 "HTTP/1.1 429 Too Many Requests"
2026-06-30 13:58:48,381 | ERROR    | ❌ Polling FAILED for job_1782820615788 | Client error '429 Too Many Requests' for url 'http://localhost:4000/api/jobs/job_1782820615788'
For more information check: https://developer.mozilla.org/en-US/docs/Web/HTTP/Status/429
2026-06-30 13:58:48,759 | INFO     | 📊 Stats | Submitted: 2 | Succeeded: 0 | Failed: 2 | Elapsed: 113.05s
2026-06-30 13:58:48,760 | INFO     | 🏁 Batch Commander finished.
2026-06-30 13:59:29,549 | INFO     | 🚀 Starting Advanced Batch Commander...
2026-06-30 13:59:29,638 | INFO     | HTTP Request: GET http://localhost:4000/api/health "HTTP/1.1 200 OK"
2026-06-30 13:59:29,638 | INFO     | ✅ API Health Check Passed.
2026-06-30 13:59:29,641 | INFO     | 📋 Loaded 2 new jobs to process.
2026-06-30 13:59:29,873 | INFO     | HTTP Request: POST http://localhost:4000/api/jobs "HTTP/1.1 202 Accepted"
2026-06-30 13:59:29,881 | INFO     | HTTP Request: POST http://localhost:4000/api/jobs "HTTP/1.1 202 Accepted"
2026-06-30 13:59:29,884 | INFO     | HTTP Request: GET http://localhost:4000/api/jobs/job_1782820769687 "HTTP/1.1 200 OK"
2026-06-30 13:59:29,887 | INFO     | HTTP Request: GET http://localhost:4000/api/jobs/job_1782820769878 "HTTP/1.1 200 OK"
2026-06-30 13:59:30,907 | INFO     | ✅ Producer finished submitting all jobs.
2026-06-30 13:59:31,904 | INFO     | HTTP Request: GET http://localhost:4000/api/jobs/job_1782820769878 "HTTP/1.1 200 OK"
2026-06-30 13:59:31,912 | INFO     | HTTP Request: GET http://localhost:4000/api/jobs/job_1782820769687 "HTTP/1.1 200 OK"
2026-06-30 13:59:33,935 | INFO     | HTTP Request: GET http://localhost:4000/api/jobs/job_1782820769878 "HTTP/1.1 200 OK"
2026-06-30 13:59:33,942 | INFO     | HTTP Request: GET http://localhost:4000/api/jobs/job_1782820769687 "HTTP/1.1 200 OK"
2026-06-30 13:59:35,967 | INFO     | HTTP Request: GET http://localhost:4000/api/jobs/job_1782820769878 "HTTP/1.1 200 OK"
2026-06-30 13:59:35,972 | INFO     | HTTP Request: GET http://localhost:4000/api/jobs/job_1782820769687 "HTTP/1.1 200 OK"
2026-06-30 13:59:37,997 | INFO     | HTTP Request: GET http://localhost:4000/api/jobs/job_1782820769878 "HTTP/1.1 200 OK"
2026-06-30 13:59:37,999 | INFO     | HTTP Request: GET http://localhost:4000/api/jobs/job_1782820769687 "HTTP/1.1 200 OK"
2026-06-30 13:59:40,087 | INFO     | HTTP Request: GET http://localhost:4000/api/jobs/job_1782820769878 "HTTP/1.1 200 OK"
2026-06-30 13:59:40,095 | INFO     | HTTP Request: GET http://localhost:4000/api/jobs/job_1782820769687 "HTTP/1.1 200 OK"
2026-06-30 13:59:42,132 | INFO     | HTTP Request: GET http://localhost:4000/api/jobs/job_1782820769878 "HTTP/1.1 200 OK"
2026-06-30 13:59:42,136 | INFO     | HTTP Request: GET http://localhost:4000/api/jobs/job_1782820769687 "HTTP/1.1 200 OK"
2026-06-30 13:59:44,165 | INFO     | HTTP Request: GET http://localhost:4000/api/jobs/job_1782820769878 "HTTP/1.1 200 OK"
2026-06-30 13:59:44,174 | INFO     | HTTP Request: GET http://localhost:4000/api/jobs/job_1782820769687 "HTTP/1.1 200 OK"
2026-06-30 13:59:46,526 | INFO     | HTTP Request: GET http://localhost:4000/api/jobs/job_1782820769878 "HTTP/1.1 200 OK"
2026-06-30 13:59:46,544 | INFO     | HTTP Request: GET http://localhost:4000/api/jobs/job_1782820769687 "HTTP/1.1 200 OK"
2026-06-30 13:59:48,726 | INFO     | HTTP Request: GET http://localhost:4000/api/jobs/job_1782820769687 "HTTP/1.1 200 OK"
2026-06-30 13:59:48,729 | INFO     | HTTP Request: GET http://localhost:4000/api/jobs/job_1782820769878 "HTTP/1.1 200 OK"
2026-06-30 13:59:50,858 | INFO     | HTTP Request: GET http://localhost:4000/api/jobs/job_1782820769878 "HTTP/1.1 200 OK"
2026-06-30 13:59:50,877 | INFO     | HTTP Request: GET http://localhost:4000/api/jobs/job_1782820769687 "HTTP/1.1 200 OK"
2026-06-30 13:59:52,981 | INFO     | HTTP Request: GET http://localhost:4000/api/jobs/job_1782820769878 "HTTP/1.1 200 OK"
2026-06-30 13:59:52,992 | INFO     | HTTP Request: GET http://localhost:4000/api/jobs/job_1782820769687 "HTTP/1.1 200 OK"
2026-06-30 13:59:55,208 | INFO     | HTTP Request: GET http://localhost:4000/api/jobs/job_1782820769687 "HTTP/1.1 200 OK"
2026-06-30 13:59:55,212 | INFO     | HTTP Request: GET http://localhost:4000/api/jobs/job_1782820769878 "HTTP/1.1 200 OK"
2026-06-30 13:59:57,408 | INFO     | HTTP Request: GET http://localhost:4000/api/jobs/job_1782820769878 "HTTP/1.1 200 OK"
2026-06-30 13:59:57,417 | INFO     | HTTP Request: GET http://localhost:4000/api/jobs/job_1782820769687 "HTTP/1.1 200 OK"
2026-06-30 13:59:59,435 | INFO     | HTTP Request: GET http://localhost:4000/api/jobs/job_1782820769687 "HTTP/1.1 200 OK"
2026-06-30 13:59:59,439 | INFO     | HTTP Request: GET http://localhost:4000/api/jobs/job_1782820769878 "HTTP/1.1 200 OK"
2026-06-30 14:00:01,461 | INFO     | HTTP Request: GET http://localhost:4000/api/jobs/job_1782820769687 "HTTP/1.1 200 OK"
2026-06-30 14:00:01,478 | INFO     | HTTP Request: GET http://localhost:4000/api/jobs/job_1782820769878 "HTTP/1.1 200 OK"
2026-06-30 14:00:03,495 | INFO     | HTTP Request: GET http://localhost:4000/api/jobs/job_1782820769878 "HTTP/1.1 200 OK"
2026-06-30 14:00:03,501 | INFO     | HTTP Request: GET http://localhost:4000/api/jobs/job_1782820769687 "HTTP/1.1 200 OK"
2026-06-30 14:00:05,723 | INFO     | HTTP Request: GET http://localhost:4000/api/jobs/job_1782820769687 "HTTP/1.1 200 OK"
2026-06-30 14:00:05,727 | INFO     | HTTP Request: GET http://localhost:4000/api/jobs/job_1782820769878 "HTTP/1.1 200 OK"
2026-06-30 14:00:07,750 | INFO     | HTTP Request: GET http://localhost:4000/api/jobs/job_1782820769878 "HTTP/1.1 200 OK"
2026-06-30 14:00:07,754 | INFO     | HTTP Request: GET http://localhost:4000/api/jobs/job_1782820769687 "HTTP/1.1 200 OK"
2026-06-30 14:00:09,868 | INFO     | HTTP Request: GET http://localhost:4000/api/jobs/job_1782820769878 "HTTP/1.1 200 OK"
2026-06-30 14:00:09,877 | INFO     | HTTP Request: GET http://localhost:4000/api/jobs/job_1782820769687 "HTTP/1.1 200 OK"
2026-06-30 14:00:12,039 | INFO     | HTTP Request: GET http://localhost:4000/api/jobs/job_1782820769878 "HTTP/1.1 200 OK"
2026-06-30 14:00:12,048 | INFO     | HTTP Request: GET http://localhost:4000/api/jobs/job_1782820769687 "HTTP/1.1 200 OK"
2026-06-30 14:00:14,068 | INFO     | HTTP Request: GET http://localhost:4000/api/jobs/job_1782820769687 "HTTP/1.1 200 OK"
2026-06-30 14:00:14,095 | INFO     | HTTP Request: GET http://localhost:4000/api/jobs/job_1782820769878 "HTTP/1.1 200 OK"
2026-06-30 14:00:16,320 | INFO     | HTTP Request: GET http://localhost:4000/api/jobs/job_1782820769687 "HTTP/1.1 200 OK"
2026-06-30 14:00:16,327 | INFO     | HTTP Request: GET http://localhost:4000/api/jobs/job_1782820769878 "HTTP/1.1 200 OK"
2026-06-30 14:00:18,973 | INFO     | HTTP Request: GET http://localhost:4000/api/jobs/job_1782820769687 "HTTP/1.1 200 OK"
2026-06-30 14:00:18,981 | INFO     | HTTP Request: GET http://localhost:4000/api/jobs/job_1782820769878 "HTTP/1.1 200 OK"
2026-06-30 14:00:21,000 | INFO     | HTTP Request: GET http://localhost:4000/api/jobs/job_1782820769878 "HTTP/1.1 200 OK"
2026-06-30 14:00:21,019 | INFO     | HTTP Request: GET http://localhost:4000/api/jobs/job_1782820769687 "HTTP/1.1 200 OK"
2026-06-30 14:00:23,066 | INFO     | HTTP Request: GET http://localhost:4000/api/jobs/job_1782820769878 "HTTP/1.1 200 OK"
2026-06-30 14:00:23,078 | INFO     | HTTP Request: GET http://localhost:4000/api/jobs/job_1782820769687 "HTTP/1.1 200 OK"
2026-06-30 14:00:25,101 | INFO     | HTTP Request: GET http://localhost:4000/api/jobs/job_1782820769878 "HTTP/1.1 200 OK"
2026-06-30 14:00:25,109 | INFO     | HTTP Request: GET http://localhost:4000/api/jobs/job_1782820769687 "HTTP/1.1 200 OK"
2026-06-30 14:00:27,141 | INFO     | HTTP Request: GET http://localhost:4000/api/jobs/job_1782820769878 "HTTP/1.1 200 OK"
2026-06-30 14:00:27,145 | INFO     | HTTP Request: GET http://localhost:4000/api/jobs/job_1782820769687 "HTTP/1.1 200 OK"
2026-06-30 14:00:29,174 | INFO     | HTTP Request: GET http://localhost:4000/api/jobs/job_1782820769878 "HTTP/1.1 200 OK"
2026-06-30 14:00:29,178 | INFO     | HTTP Request: GET http://localhost:4000/api/jobs/job_1782820769687 "HTTP/1.1 200 OK"
2026-06-30 14:00:31,196 | INFO     | HTTP Request: GET http://localhost:4000/api/jobs/job_1782820769687 "HTTP/1.1 200 OK"
2026-06-30 14:00:31,203 | INFO     | HTTP Request: GET http://localhost:4000/api/jobs/job_1782820769878 "HTTP/1.1 200 OK"
2026-06-30 14:00:33,239 | INFO     | HTTP Request: GET http://localhost:4000/api/jobs/job_1782820769687 "HTTP/1.1 200 OK"
2026-06-30 14:00:33,245 | INFO     | HTTP Request: GET http://localhost:4000/api/jobs/job_1782820769878 "HTTP/1.1 200 OK"
2026-06-30 14:00:35,260 | INFO     | HTTP Request: GET http://localhost:4000/api/jobs/job_1782820769687 "HTTP/1.1 200 OK"
2026-06-30 14:00:35,265 | INFO     | HTTP Request: GET http://localhost:4000/api/jobs/job_1782820769878 "HTTP/1.1 200 OK"
2026-06-30 14:00:37,289 | INFO     | HTTP Request: GET http://localhost:4000/api/jobs/job_1782820769687 "HTTP/1.1 200 OK"
2026-06-30 14:00:37,338 | INFO     | HTTP Request: GET http://localhost:4000/api/jobs/job_1782820769878 "HTTP/1.1 200 OK"
2026-06-30 14:00:39,378 | INFO     | HTTP Request: GET http://localhost:4000/api/jobs/job_1782820769687 "HTTP/1.1 200 OK"
2026-06-30 14:00:39,386 | INFO     | HTTP Request: GET http://localhost:4000/api/jobs/job_1782820769878 "HTTP/1.1 200 OK"
2026-06-30 14:00:41,402 | INFO     | HTTP Request: GET http://localhost:4000/api/jobs/job_1782820769878 "HTTP/1.1 200 OK"
2026-06-30 14:00:41,405 | INFO     | HTTP Request: GET http://localhost:4000/api/jobs/job_1782820769687 "HTTP/1.1 200 OK"
2026-06-30 14:00:43,436 | INFO     | HTTP Request: GET http://localhost:4000/api/jobs/job_1782820769687 "HTTP/1.1 200 OK"
2026-06-30 14:00:43,441 | INFO     | HTTP Request: GET http://localhost:4000/api/jobs/job_1782820769878 "HTTP/1.1 200 OK"
2026-06-30 14:00:45,477 | INFO     | HTTP Request: GET http://localhost:4000/api/jobs/job_1782820769687 "HTTP/1.1 200 OK"
2026-06-30 14:00:45,480 | INFO     | HTTP Request: GET http://localhost:4000/api/jobs/job_1782820769878 "HTTP/1.1 200 OK"
2026-06-30 14:00:47,546 | INFO     | HTTP Request: GET http://localhost:4000/api/jobs/job_1782820769687 "HTTP/1.1 200 OK"
2026-06-30 14:00:47,550 | INFO     | HTTP Request: GET http://localhost:4000/api/jobs/job_1782820769878 "HTTP/1.1 200 OK"
2026-06-30 14:00:49,568 | INFO     | HTTP Request: GET http://localhost:4000/api/jobs/job_1782820769687 "HTTP/1.1 200 OK"
2026-06-30 14:00:49,571 | INFO     | HTTP Request: GET http://localhost:4000/api/jobs/job_1782820769878 "HTTP/1.1 200 OK"
2026-06-30 14:00:51,609 | INFO     | HTTP Request: GET http://localhost:4000/api/jobs/job_1782820769687 "HTTP/1.1 200 OK"
2026-06-30 14:00:51,618 | INFO     | HTTP Request: GET http://localhost:4000/api/jobs/job_1782820769878 "HTTP/1.1 200 OK"
2026-06-30 14:00:53,636 | INFO     | HTTP Request: GET http://localhost:4000/api/jobs/job_1782820769687 "HTTP/1.1 200 OK"
2026-06-30 14:00:53,639 | INFO     | HTTP Request: GET http://localhost:4000/api/jobs/job_1782820769878 "HTTP/1.1 200 OK"
2026-06-30 14:00:55,652 | INFO     | HTTP Request: GET http://localhost:4000/api/jobs/job_1782820769878 "HTTP/1.1 200 OK"
2026-06-30 14:00:55,662 | INFO     | HTTP Request: GET http://localhost:4000/api/jobs/job_1782820769687 "HTTP/1.1 200 OK"
2026-06-30 14:00:57,670 | INFO     | HTTP Request: GET http://localhost:4000/api/jobs/job_1782820769878 "HTTP/1.1 200 OK"
2026-06-30 14:00:57,676 | INFO     | HTTP Request: GET http://localhost:4000/api/jobs/job_1782820769687 "HTTP/1.1 200 OK"
2026-06-30 14:00:59,910 | INFO     | HTTP Request: GET http://localhost:4000/api/jobs/job_1782820769878 "HTTP/1.1 200 OK"
2026-06-30 14:00:59,933 | INFO     | HTTP Request: GET http://localhost:4000/api/jobs/job_1782820769687 "HTTP/1.1 200 OK"
2026-06-30 14:01:02,118 | INFO     | HTTP Request: GET http://localhost:4000/api/jobs/job_1782820769878 "HTTP/1.1 200 OK"
2026-06-30 14:01:02,123 | INFO     | HTTP Request: GET http://localhost:4000/api/jobs/job_1782820769687 "HTTP/1.1 200 OK"
2026-06-30 14:01:04,221 | INFO     | HTTP Request: GET http://localhost:4000/api/jobs/job_1782820769687 "HTTP/1.1 200 OK"
2026-06-30 14:01:04,236 | INFO     | HTTP Request: GET http://localhost:4000/api/jobs/job_1782820769878 "HTTP/1.1 200 OK"
2026-06-30 14:01:06,289 | INFO     | HTTP Request: GET http://localhost:4000/api/jobs/job_1782820769687 "HTTP/1.1 200 OK"
2026-06-30 14:01:06,292 | INFO     | HTTP Request: GET http://localhost:4000/api/jobs/job_1782820769878 "HTTP/1.1 200 OK"
2026-06-30 14:01:08,380 | INFO     | HTTP Request: GET http://localhost:4000/api/jobs/job_1782820769878 "HTTP/1.1 200 OK"
2026-06-30 14:01:08,395 | INFO     | HTTP Request: GET http://localhost:4000/api/jobs/job_1782820769687 "HTTP/1.1 200 OK"
2026-06-30 14:01:10,538 | INFO     | HTTP Request: GET http://localhost:4000/api/jobs/job_1782820769878 "HTTP/1.1 200 OK"
2026-06-30 14:01:10,564 | INFO     | HTTP Request: GET http://localhost:4000/api/jobs/job_1782820769687 "HTTP/1.1 200 OK"
2026-06-30 14:01:12,575 | INFO     | HTTP Request: GET http://localhost:4000/api/jobs/job_1782820769878 "HTTP/1.1 200 OK"
2026-06-30 14:01:12,582 | INFO     | HTTP Request: GET http://localhost:4000/api/jobs/job_1782820769687 "HTTP/1.1 200 OK"
2026-06-30 14:01:14,604 | INFO     | HTTP Request: GET http://localhost:4000/api/jobs/job_1782820769878 "HTTP/1.1 200 OK"
2026-06-30 14:01:14,607 | INFO     | HTTP Request: GET http://localhost:4000/api/jobs/job_1782820769687 "HTTP/1.1 200 OK"
2026-06-30 14:01:16,653 | INFO     | HTTP Request: GET http://localhost:4000/api/jobs/job_1782820769878 "HTTP/1.1 200 OK"
2026-06-30 14:01:16,658 | INFO     | HTTP Request: GET http://localhost:4000/api/jobs/job_1782820769687 "HTTP/1.1 200 OK"
2026-06-30 14:01:18,704 | INFO     | HTTP Request: GET http://localhost:4000/api/jobs/job_1782820769878 "HTTP/1.1 200 OK"
2026-06-30 14:01:18,706 | INFO     | HTTP Request: GET http://localhost:4000/api/jobs/job_1782820769687 "HTTP/1.1 200 OK"
2026-06-30 14:01:20,733 | INFO     | HTTP Request: GET http://localhost:4000/api/jobs/job_1782820769878 "HTTP/1.1 200 OK"
2026-06-30 14:01:20,736 | INFO     | HTTP Request: GET http://localhost:4000/api/jobs/job_1782820769687 "HTTP/1.1 200 OK"
2026-06-30 14:01:22,743 | INFO     | HTTP Request: GET http://localhost:4000/api/jobs/job_1782820769878 "HTTP/1.1 200 OK"
2026-06-30 14:01:22,746 | INFO     | HTTP Request: GET http://localhost:4000/api/jobs/job_1782820769687 "HTTP/1.1 200 OK"
2026-06-30 14:01:24,773 | INFO     | HTTP Request: GET http://localhost:4000/api/jobs/job_1782820769878 "HTTP/1.1 200 OK"
2026-06-30 14:01:24,781 | INFO     | HTTP Request: GET http://localhost:4000/api/jobs/job_1782820769687 "HTTP/1.1 200 OK"
2026-06-30 14:01:26,967 | INFO     | HTTP Request: GET http://localhost:4000/api/jobs/job_1782820769878 "HTTP/1.1 200 OK"
2026-06-30 14:01:26,972 | INFO     | HTTP Request: GET http://localhost:4000/api/jobs/job_1782820769687 "HTTP/1.1 200 OK"
2026-06-30 14:01:28,989 | INFO     | HTTP Request: GET http://localhost:4000/api/jobs/job_1782820769878 "HTTP/1.1 200 OK"
2026-06-30 14:01:28,993 | INFO     | HTTP Request: GET http://localhost:4000/api/jobs/job_1782820769687 "HTTP/1.1 200 OK"
2026-06-30 14:01:31,068 | INFO     | HTTP Request: GET http://localhost:4000/api/jobs/job_1782820769878 "HTTP/1.1 200 OK"
2026-06-30 14:01:31,070 | INFO     | HTTP Request: GET http://localhost:4000/api/jobs/job_1782820769687 "HTTP/1.1 200 OK"
2026-06-30 14:01:33,097 | INFO     | HTTP Request: GET http://localhost:4000/api/jobs/job_1782820769878 "HTTP/1.1 200 OK"
2026-06-30 14:01:33,104 | INFO     | HTTP Request: GET http://localhost:4000/api/jobs/job_1782820769687 "HTTP/1.1 200 OK"
2026-06-30 14:01:35,124 | INFO     | HTTP Request: GET http://localhost:4000/api/jobs/job_1782820769878 "HTTP/1.1 200 OK"
2026-06-30 14:01:35,127 | INFO     | HTTP Request: GET http://localhost:4000/api/jobs/job_1782820769687 "HTTP/1.1 200 OK"
2026-06-30 14:01:37,145 | INFO     | HTTP Request: GET http://localhost:4000/api/jobs/job_1782820769878 "HTTP/1.1 200 OK"
2026-06-30 14:01:37,148 | INFO     | HTTP Request: GET http://localhost:4000/api/jobs/job_1782820769687 "HTTP/1.1 200 OK"
2026-06-30 14:01:39,233 | INFO     | HTTP Request: GET http://localhost:4000/api/jobs/job_1782820769878 "HTTP/1.1 200 OK"
2026-06-30 14:01:39,267 | INFO     | HTTP Request: GET http://localhost:4000/api/jobs/job_1782820769687 "HTTP/1.1 200 OK"
2026-06-30 14:01:41,317 | INFO     | HTTP Request: GET http://localhost:4000/api/jobs/job_1782820769878 "HTTP/1.1 200 OK"
2026-06-30 14:01:41,320 | INFO     | HTTP Request: GET http://localhost:4000/api/jobs/job_1782820769687 "HTTP/1.1 200 OK"
2026-06-30 14:01:43,348 | INFO     | HTTP Request: GET http://localhost:4000/api/jobs/job_1782820769878 "HTTP/1.1 200 OK"
2026-06-30 14:01:43,351 | INFO     | HTTP Request: GET http://localhost:4000/api/jobs/job_1782820769687 "HTTP/1.1 200 OK"
2026-06-30 14:01:45,493 | INFO     | HTTP Request: GET http://localhost:4000/api/jobs/job_1782820769878 "HTTP/1.1 200 OK"
2026-06-30 14:01:45,501 | INFO     | HTTP Request: GET http://localhost:4000/api/jobs/job_1782820769687 "HTTP/1.1 200 OK"
2026-06-30 14:01:47,541 | INFO     | HTTP Request: GET http://localhost:4000/api/jobs/job_1782820769878 "HTTP/1.1 200 OK"
2026-06-30 14:01:47,564 | INFO     | HTTP Request: GET http://localhost:4000/api/jobs/job_1782820769687 "HTTP/1.1 200 OK"
2026-06-30 14:01:49,714 | INFO     | HTTP Request: GET http://localhost:4000/api/jobs/job_1782820769878 "HTTP/1.1 200 OK"
2026-06-30 14:01:49,772 | INFO     | HTTP Request: GET http://localhost:4000/api/jobs/job_1782820769687 "HTTP/1.1 200 OK"
2026-06-30 14:01:51,782 | INFO     | HTTP Request: GET http://localhost:4000/api/jobs/job_1782820769878 "HTTP/1.1 200 OK"
2026-06-30 14:01:51,828 | INFO     | HTTP Request: GET http://localhost:4000/api/jobs/job_1782820769687 "HTTP/1.1 200 OK"
2026-06-30 14:01:53,803 | INFO     | HTTP Request: GET http://localhost:4000/api/jobs/job_1782820769878 "HTTP/1.1 200 OK"
2026-06-30 14:01:53,852 | INFO     | HTTP Request: GET http://localhost:4000/api/jobs/job_1782820769687 "HTTP/1.1 200 OK"
2026-06-30 14:01:55,925 | INFO     | HTTP Request: GET http://localhost:4000/api/jobs/job_1782820769878 "HTTP/1.1 200 OK"
2026-06-30 14:01:56,038 | INFO     | HTTP Request: GET http://localhost:4000/api/jobs/job_1782820769687 "HTTP/1.1 200 OK"
2026-06-30 14:01:57,982 | INFO     | HTTP Request: GET http://localhost:4000/api/jobs/job_1782820769878 "HTTP/1.1 200 OK"
2026-06-30 14:01:58,083 | INFO     | HTTP Request: GET http://localhost:4000/api/jobs/job_1782820769687 "HTTP/1.1 200 OK"
2026-06-30 14:02:00,007 | INFO     | HTTP Request: GET http://localhost:4000/api/jobs/job_1782820769878 "HTTP/1.1 200 OK"
2026-06-30 14:02:00,136 | INFO     | HTTP Request: GET http://localhost:4000/api/jobs/job_1782820769687 "HTTP/1.1 200 OK"
2026-06-30 14:02:02,046 | INFO     | HTTP Request: GET http://localhost:4000/api/jobs/job_1782820769878 "HTTP/1.1 200 OK"
2026-06-30 14:02:02,180 | INFO     | HTTP Request: GET http://localhost:4000/api/jobs/job_1782820769687 "HTTP/1.1 200 OK"
2026-06-30 14:02:04,071 | INFO     | HTTP Request: GET http://localhost:4000/api/jobs/job_1782820769878 "HTTP/1.1 200 OK"
2026-06-30 14:02:04,192 | INFO     | HTTP Request: GET http://localhost:4000/api/jobs/job_1782820769687 "HTTP/1.1 200 OK"
2026-06-30 14:02:06,100 | INFO     | HTTP Request: GET http://localhost:4000/api/jobs/job_1782820769878 "HTTP/1.1 200 OK"
2026-06-30 14:02:06,211 | INFO     | HTTP Request: GET http://localhost:4000/api/jobs/job_1782820769687 "HTTP/1.1 200 OK"
2026-06-30 14:02:08,131 | INFO     | HTTP Request: GET http://localhost:4000/api/jobs/job_1782820769878 "HTTP/1.1 200 OK"
2026-06-30 14:02:08,226 | INFO     | HTTP Request: GET http://localhost:4000/api/jobs/job_1782820769687 "HTTP/1.1 200 OK"
2026-06-30 14:02:10,144 | INFO     | HTTP Request: GET http://localhost:4000/api/jobs/job_1782820769878 "HTTP/1.1 200 OK"
2026-06-30 14:02:10,300 | INFO     | HTTP Request: GET http://localhost:4000/api/jobs/job_1782820769687 "HTTP/1.1 200 OK"
2026-06-30 14:02:12,165 | INFO     | HTTP Request: GET http://localhost:4000/api/jobs/job_1782820769878 "HTTP/1.1 200 OK"
2026-06-30 14:02:12,325 | INFO     | HTTP Request: GET http://localhost:4000/api/jobs/job_1782820769687 "HTTP/1.1 200 OK"
2026-06-30 14:02:14,203 | INFO     | HTTP Request: GET http://localhost:4000/api/jobs/job_1782820769878 "HTTP/1.1 200 OK"
2026-06-30 14:02:14,359 | INFO     | HTTP Request: GET http://localhost:4000/api/jobs/job_1782820769687 "HTTP/1.1 200 OK"
2026-06-30 14:02:16,223 | INFO     | HTTP Request: GET http://localhost:4000/api/jobs/job_1782820769878 "HTTP/1.1 200 OK"
2026-06-30 14:02:16,407 | INFO     | HTTP Request: GET http://localhost:4000/api/jobs/job_1782820769687 "HTTP/1.1 200 OK"
2026-06-30 14:02:18,259 | INFO     | HTTP Request: GET http://localhost:4000/api/jobs/job_1782820769878 "HTTP/1.1 200 OK"
2026-06-30 14:02:18,476 | INFO     | HTTP Request: GET http://localhost:4000/api/jobs/job_1782820769687 "HTTP/1.1 200 OK"
2026-06-30 14:02:20,280 | INFO     | HTTP Request: GET http://localhost:4000/api/jobs/job_1782820769878 "HTTP/1.1 200 OK"
2026-06-30 14:02:20,513 | INFO     | HTTP Request: GET http://localhost:4000/api/jobs/job_1782820769687 "HTTP/1.1 200 OK"
2026-06-30 14:02:22,302 | INFO     | HTTP Request: GET http://localhost:4000/api/jobs/job_1782820769878 "HTTP/1.1 200 OK"
2026-06-30 14:02:22,622 | INFO     | HTTP Request: GET http://localhost:4000/api/jobs/job_1782820769687 "HTTP/1.1 200 OK"
2026-06-30 14:02:24,325 | INFO     | HTTP Request: GET http://localhost:4000/api/jobs/job_1782820769878 "HTTP/1.1 200 OK"
2026-06-30 14:02:24,651 | INFO     | HTTP Request: GET http://localhost:4000/api/jobs/job_1782820769687 "HTTP/1.1 200 OK"
2026-06-30 14:02:26,337 | INFO     | HTTP Request: GET http://localhost:4000/api/jobs/job_1782820769878 "HTTP/1.1 200 OK"
2026-06-30 14:02:26,667 | INFO     | HTTP Request: GET http://localhost:4000/api/jobs/job_1782820769687 "HTTP/1.1 200 OK"
2026-06-30 14:02:28,360 | INFO     | HTTP Request: GET http://localhost:4000/api/jobs/job_1782820769878 "HTTP/1.1 200 OK"
2026-06-30 14:02:28,695 | INFO     | HTTP Request: GET http://localhost:4000/api/jobs/job_1782820769687 "HTTP/1.1 200 OK"
2026-06-30 14:02:30,426 | INFO     | HTTP Request: GET http://localhost:4000/api/jobs/job_1782820769878 "HTTP/1.1 200 OK"
2026-06-30 14:02:30,718 | INFO     | HTTP Request: GET http://localhost:4000/api/jobs/job_1782820769687 "HTTP/1.1 200 OK"
2026-06-30 14:02:32,712 | INFO     | HTTP Request: GET http://localhost:4000/api/jobs/job_1782820769878 "HTTP/1.1 200 OK"
2026-06-30 14:02:32,885 | INFO     | HTTP Request: GET http://localhost:4000/api/jobs/job_1782820769687 "HTTP/1.1 200 OK"
2026-06-30 14:02:34,809 | INFO     | HTTP Request: GET http://localhost:4000/api/jobs/job_1782820769878 "HTTP/1.1 200 OK"
2026-06-30 14:02:34,997 | INFO     | HTTP Request: GET http://localhost:4000/api/jobs/job_1782820769687 "HTTP/1.1 200 OK"
2026-06-30 14:02:36,820 | INFO     | HTTP Request: GET http://localhost:4000/api/jobs/job_1782820769878 "HTTP/1.1 200 OK"
2026-06-30 14:02:37,008 | INFO     | HTTP Request: GET http://localhost:4000/api/jobs/job_1782820769687 "HTTP/1.1 200 OK"
2026-06-30 14:02:38,838 | INFO     | HTTP Request: GET http://localhost:4000/api/jobs/job_1782820769878 "HTTP/1.1 200 OK"
2026-06-30 14:02:39,024 | INFO     | HTTP Request: GET http://localhost:4000/api/jobs/job_1782820769687 "HTTP/1.1 200 OK"
2026-06-30 14:02:40,854 | INFO     | HTTP Request: GET http://localhost:4000/api/jobs/job_1782820769878 "HTTP/1.1 200 OK"
2026-06-30 14:02:41,042 | INFO     | HTTP Request: GET http://localhost:4000/api/jobs/job_1782820769687 "HTTP/1.1 200 OK"
2026-06-30 14:02:42,870 | INFO     | HTTP Request: GET http://localhost:4000/api/jobs/job_1782820769878 "HTTP/1.1 200 OK"
2026-06-30 14:02:43,058 | INFO     | HTTP Request: GET http://localhost:4000/api/jobs/job_1782820769687 "HTTP/1.1 200 OK"
2026-06-30 14:02:44,884 | INFO     | HTTP Request: GET http://localhost:4000/api/jobs/job_1782820769878 "HTTP/1.1 200 OK"
2026-06-30 14:02:45,074 | INFO     | HTTP Request: GET http://localhost:4000/api/jobs/job_1782820769687 "HTTP/1.1 200 OK"
2026-06-30 14:02:46,901 | INFO     | HTTP Request: GET http://localhost:4000/api/jobs/job_1782820769878 "HTTP/1.1 200 OK"
2026-06-30 14:02:47,094 | INFO     | HTTP Request: GET http://localhost:4000/api/jobs/job_1782820769687 "HTTP/1.1 200 OK"
2026-06-30 14:02:48,927 | INFO     | HTTP Request: GET http://localhost:4000/api/jobs/job_1782820769878 "HTTP/1.1 200 OK"
2026-06-30 14:02:49,111 | INFO     | HTTP Request: GET http://localhost:4000/api/jobs/job_1782820769687 "HTTP/1.1 200 OK"
2026-06-30 14:02:50,960 | INFO     | HTTP Request: GET http://localhost:4000/api/jobs/job_1782820769878 "HTTP/1.1 200 OK"
2026-06-30 14:02:51,128 | INFO     | HTTP Request: GET http://localhost:4000/api/jobs/job_1782820769687 "HTTP/1.1 200 OK"
2026-06-30 14:02:52,962 | INFO     | HTTP Request: GET http://localhost:4000/api/jobs/job_1782820769878 "HTTP/1.1 200 OK"
2026-06-30 14:02:53,152 | INFO     | HTTP Request: GET http://localhost:4000/api/jobs/job_1782820769687 "HTTP/1.1 200 OK"
2026-06-30 14:02:54,985 | INFO     | HTTP Request: GET http://localhost:4000/api/jobs/job_1782820769878 "HTTP/1.1 200 OK"
2026-06-30 14:02:55,172 | INFO     | HTTP Request: GET http://localhost:4000/api/jobs/job_1782820769687 "HTTP/1.1 200 OK"
2026-06-30 14:02:56,978 | INFO     | HTTP Request: GET http://localhost:4000/api/jobs/job_1782820769878 "HTTP/1.1 200 OK"
2026-06-30 14:02:57,183 | INFO     | HTTP Request: GET http://localhost:4000/api/jobs/job_1782820769687 "HTTP/1.1 200 OK"
2026-06-30 14:02:58,998 | INFO     | HTTP Request: GET http://localhost:4000/api/jobs/job_1782820769878 "HTTP/1.1 200 OK"
2026-06-30 14:02:59,197 | INFO     | HTTP Request: GET http://localhost:4000/api/jobs/job_1782820769687 "HTTP/1.1 200 OK"
2026-06-30 14:03:00,991 | INFO     | HTTP Request: GET http://localhost:4000/api/jobs/job_1782820769878 "HTTP/1.1 200 OK"
2026-06-30 14:03:01,208 | INFO     | HTTP Request: GET http://localhost:4000/api/jobs/job_1782820769687 "HTTP/1.1 200 OK"
2026-06-30 14:03:03,007 | INFO     | HTTP Request: GET http://localhost:4000/api/jobs/job_1782820769878 "HTTP/1.1 200 OK"
2026-06-30 14:03:03,225 | INFO     | HTTP Request: GET http://localhost:4000/api/jobs/job_1782820769687 "HTTP/1.1 200 OK"
2026-06-30 14:03:05,022 | INFO     | HTTP Request: GET http://localhost:4000/api/jobs/job_1782820769878 "HTTP/1.1 200 OK"
2026-06-30 14:03:05,241 | INFO     | HTTP Request: GET http://localhost:4000/api/jobs/job_1782820769687 "HTTP/1.1 200 OK"
2026-06-30 14:03:07,036 | INFO     | HTTP Request: GET http://localhost:4000/api/jobs/job_1782820769878 "HTTP/1.1 200 OK"
2026-06-30 14:03:07,255 | INFO     | HTTP Request: GET http://localhost:4000/api/jobs/job_1782820769687 "HTTP/1.1 200 OK"
2026-06-30 14:03:09,051 | INFO     | HTTP Request: GET http://localhost:4000/api/jobs/job_1782820769878 "HTTP/1.1 200 OK"
2026-06-30 14:03:09,268 | INFO     | HTTP Request: GET http://localhost:4000/api/jobs/job_1782820769687 "HTTP/1.1 200 OK"
2026-06-30 14:03:11,057 | INFO     | HTTP Request: GET http://localhost:4000/api/jobs/job_1782820769878 "HTTP/1.1 200 OK"
2026-06-30 14:03:11,293 | INFO     | HTTP Request: GET http://localhost:4000/api/jobs/job_1782820769687 "HTTP/1.1 200 OK"
2026-06-30 14:03:13,067 | INFO     | HTTP Request: GET http://localhost:4000/api/jobs/job_1782820769878 "HTTP/1.1 200 OK"
2026-06-30 14:03:13,301 | INFO     | HTTP Request: GET http://localhost:4000/api/jobs/job_1782820769687 "HTTP/1.1 200 OK"
2026-06-30 14:03:15,100 | INFO     | HTTP Request: GET http://localhost:4000/api/jobs/job_1782820769878 "HTTP/1.1 200 OK"
2026-06-30 14:03:15,317 | INFO     | HTTP Request: GET http://localhost:4000/api/jobs/job_1782820769687 "HTTP/1.1 200 OK"
2026-06-30 14:03:17,104 | INFO     | HTTP Request: GET http://localhost:4000/api/jobs/job_1782820769878 "HTTP/1.1 200 OK"
2026-06-30 14:03:17,340 | INFO     | HTTP Request: GET http://localhost:4000/api/jobs/job_1782820769687 "HTTP/1.1 200 OK"
2026-06-30 14:03:19,116 | INFO     | HTTP Request: GET http://localhost:4000/api/jobs/job_1782820769878 "HTTP/1.1 200 OK"
2026-06-30 14:03:19,351 | INFO     | HTTP Request: GET http://localhost:4000/api/jobs/job_1782820769687 "HTTP/1.1 200 OK"
2026-06-30 14:03:21,137 | INFO     | HTTP Request: GET http://localhost:4000/api/jobs/job_1782820769878 "HTTP/1.1 200 OK"
2026-06-30 14:03:21,372 | INFO     | HTTP Request: GET http://localhost:4000/api/jobs/job_1782820769687 "HTTP/1.1 200 OK"
2026-06-30 14:03:23,149 | INFO     | HTTP Request: GET http://localhost:4000/api/jobs/job_1782820769878 "HTTP/1.1 200 OK"
2026-06-30 14:03:23,383 | INFO     | HTTP Request: GET http://localhost:4000/api/jobs/job_1782820769687 "HTTP/1.1 200 OK"
2026-06-30 14:03:25,149 | INFO     | HTTP Request: GET http://localhost:4000/api/jobs/job_1782820769878 "HTTP/1.1 200 OK"
2026-06-30 14:03:25,401 | INFO     | HTTP Request: GET http://localhost:4000/api/jobs/job_1782820769687 "HTTP/1.1 200 OK"
2026-06-30 14:03:27,171 | INFO     | HTTP Request: GET http://localhost:4000/api/jobs/job_1782820769878 "HTTP/1.1 200 OK"
2026-06-30 14:03:27,416 | INFO     | HTTP Request: GET http://localhost:4000/api/jobs/job_1782820769687 "HTTP/1.1 200 OK"
2026-06-30 14:03:29,180 | INFO     | HTTP Request: GET http://localhost:4000/api/jobs/job_1782820769878 "HTTP/1.1 200 OK"
2026-06-30 14:03:29,428 | INFO     | HTTP Request: GET http://localhost:4000/api/jobs/job_1782820769687 "HTTP/1.1 200 OK"
2026-06-30 14:03:31,185 | INFO     | HTTP Request: GET http://localhost:4000/api/jobs/job_1782820769878 "HTTP/1.1 200 OK"
2026-06-30 14:03:31,446 | INFO     | HTTP Request: GET http://localhost:4000/api/jobs/job_1782820769687 "HTTP/1.1 200 OK"
2026-06-30 14:03:33,201 | INFO     | HTTP Request: GET http://localhost:4000/api/jobs/job_1782820769878 "HTTP/1.1 200 OK"
2026-06-30 14:03:33,468 | INFO     | HTTP Request: GET http://localhost:4000/api/jobs/job_1782820769687 "HTTP/1.1 200 OK"
2026-06-30 14:03:35,208 | INFO     | HTTP Request: GET http://localhost:4000/api/jobs/job_1782820769878 "HTTP/1.1 200 OK"
2026-06-30 14:03:35,488 | INFO     | HTTP Request: GET http://localhost:4000/api/jobs/job_1782820769687 "HTTP/1.1 200 OK"
2026-06-30 14:03:37,226 | INFO     | HTTP Request: GET http://localhost:4000/api/jobs/job_1782820769878 "HTTP/1.1 200 OK"
2026-06-30 14:03:37,507 | INFO     | HTTP Request: GET http://localhost:4000/api/jobs/job_1782820769687 "HTTP/1.1 200 OK"
2026-06-30 14:03:39,281 | INFO     | HTTP Request: GET http://localhost:4000/api/jobs/job_1782820769878 "HTTP/1.1 200 OK"
2026-06-30 14:03:39,520 | INFO     | HTTP Request: GET http://localhost:4000/api/jobs/job_1782820769687 "HTTP/1.1 200 OK"
2026-06-30 14:03:41,321 | INFO     | HTTP Request: GET http://localhost:4000/api/jobs/job_1782820769878 "HTTP/1.1 200 OK"
2026-06-30 14:03:41,537 | INFO     | HTTP Request: GET http://localhost:4000/api/jobs/job_1782820769687 "HTTP/1.1 200 OK"
2026-06-30 14:03:43,343 | INFO     | HTTP Request: GET http://localhost:4000/api/jobs/job_1782820769878 "HTTP/1.1 200 OK"
2026-06-30 14:03:43,564 | INFO     | HTTP Request: GET http://localhost:4000/api/jobs/job_1782820769687 "HTTP/1.1 200 OK"
2026-06-30 14:03:45,351 | INFO     | HTTP Request: GET http://localhost:4000/api/jobs/job_1782820769878 "HTTP/1.1 200 OK"
2026-06-30 14:03:45,583 | INFO     | HTTP Request: GET http://localhost:4000/api/jobs/job_1782820769687 "HTTP/1.1 200 OK"
2026-06-30 14:03:47,376 | INFO     | HTTP Request: GET http://localhost:4000/api/jobs/job_1782820769878 "HTTP/1.1 200 OK"
2026-06-30 14:03:47,594 | INFO     | HTTP Request: GET http://localhost:4000/api/jobs/job_1782820769687 "HTTP/1.1 200 OK"
2026-06-30 14:03:49,388 | INFO     | HTTP Request: GET http://localhost:4000/api/jobs/job_1782820769878 "HTTP/1.1 200 OK"
2026-06-30 14:03:49,609 | INFO     | HTTP Request: GET http://localhost:4000/api/jobs/job_1782820769687 "HTTP/1.1 200 OK"
2026-06-30 14:03:51,399 | INFO     | HTTP Request: GET http://localhost:4000/api/jobs/job_1782820769878 "HTTP/1.1 200 OK"
2026-06-30 14:03:51,618 | INFO     | HTTP Request: GET http://localhost:4000/api/jobs/job_1782820769687 "HTTP/1.1 200 OK"
2026-06-30 14:03:53,412 | INFO     | HTTP Request: GET http://localhost:4000/api/jobs/job_1782820769878 "HTTP/1.1 200 OK"
2026-06-30 14:03:53,631 | INFO     | HTTP Request: GET http://localhost:4000/api/jobs/job_1782820769687 "HTTP/1.1 200 OK"
2026-06-30 14:03:55,424 | INFO     | HTTP Request: GET http://localhost:4000/api/jobs/job_1782820769878 "HTTP/1.1 200 OK"
2026-06-30 14:03:55,648 | INFO     | HTTP Request: GET http://localhost:4000/api/jobs/job_1782820769687 "HTTP/1.1 200 OK"
2026-06-30 14:03:57,451 | INFO     | HTTP Request: GET http://localhost:4000/api/jobs/job_1782820769878 "HTTP/1.1 200 OK"
2026-06-30 14:03:57,666 | INFO     | HTTP Request: GET http://localhost:4000/api/jobs/job_1782820769687 "HTTP/1.1 200 OK"
2026-06-30 14:03:59,466 | INFO     | HTTP Request: GET http://localhost:4000/api/jobs/job_1782820769878 "HTTP/1.1 200 OK"
2026-06-30 14:03:59,686 | INFO     | HTTP Request: GET http://localhost:4000/api/jobs/job_1782820769687 "HTTP/1.1 200 OK"
2026-06-30 14:04:01,464 | INFO     | HTTP Request: GET http://localhost:4000/api/jobs/job_1782820769878 "HTTP/1.1 200 OK"
2026-06-30 14:04:01,699 | INFO     | HTTP Request: GET http://localhost:4000/api/jobs/job_1782820769687 "HTTP/1.1 200 OK"
2026-06-30 14:04:03,467 | INFO     | HTTP Request: GET http://localhost:4000/api/jobs/job_1782820769878 "HTTP/1.1 200 OK"
2026-06-30 14:04:03,715 | INFO     | HTTP Request: GET http://localhost:4000/api/jobs/job_1782820769687 "HTTP/1.1 200 OK"
2026-06-30 14:04:05,483 | INFO     | HTTP Request: GET http://localhost:4000/api/jobs/job_1782820769878 "HTTP/1.1 200 OK"
2026-06-30 14:04:05,735 | INFO     | HTTP Request: GET http://localhost:4000/api/jobs/job_1782820769687 "HTTP/1.1 200 OK"
2026-06-30 14:04:07,498 | INFO     | HTTP Request: GET http://localhost:4000/api/jobs/job_1782820769878 "HTTP/1.1 200 OK"
2026-06-30 14:04:07,749 | INFO     | HTTP Request: GET http://localhost:4000/api/jobs/job_1782820769687 "HTTP/1.1 200 OK"
2026-06-30 14:04:09,517 | INFO     | HTTP Request: GET http://localhost:4000/api/jobs/job_1782820769878 "HTTP/1.1 200 OK"
2026-06-30 14:04:09,766 | INFO     | HTTP Request: GET http://localhost:4000/api/jobs/job_1782820769687 "HTTP/1.1 200 OK"
2026-06-30 14:04:11,534 | INFO     | HTTP Request: GET http://localhost:4000/api/jobs/job_1782820769878 "HTTP/1.1 200 OK"
2026-06-30 14:04:11,771 | INFO     | HTTP Request: GET http://localhost:4000/api/jobs/job_1782820769687 "HTTP/1.1 200 OK"
2026-06-30 14:04:13,549 | INFO     | HTTP Request: GET http://localhost:4000/api/jobs/job_1782820769878 "HTTP/1.1 200 OK"
2026-06-30 14:04:13,797 | INFO     | HTTP Request: GET http://localhost:4000/api/jobs/job_1782820769687 "HTTP/1.1 200 OK"
2026-06-30 14:04:15,560 | INFO     | HTTP Request: GET http://localhost:4000/api/jobs/job_1782820769878 "HTTP/1.1 200 OK"
2026-06-30 14:04:15,814 | INFO     | HTTP Request: GET http://localhost:4000/api/jobs/job_1782820769687 "HTTP/1.1 200 OK"
2026-06-30 14:04:17,577 | INFO     | HTTP Request: GET http://localhost:4000/api/jobs/job_1782820769878 "HTTP/1.1 200 OK"
2026-06-30 14:04:17,845 | INFO     | HTTP Request: GET http://localhost:4000/api/jobs/job_1782820769687 "HTTP/1.1 200 OK"
2026-06-30 14:04:19,594 | INFO     | HTTP Request: GET http://localhost:4000/api/jobs/job_1782820769878 "HTTP/1.1 200 OK"
2026-06-30 14:04:19,858 | INFO     | HTTP Request: GET http://localhost:4000/api/jobs/job_1782820769687 "HTTP/1.1 200 OK"
2026-06-30 14:04:21,603 | INFO     | HTTP Request: GET http://localhost:4000/api/jobs/job_1782820769878 "HTTP/1.1 200 OK"
2026-06-30 14:04:21,869 | INFO     | HTTP Request: GET http://localhost:4000/api/jobs/job_1782820769687 "HTTP/1.1 200 OK"
2026-06-30 14:04:23,619 | INFO     | HTTP Request: GET http://localhost:4000/api/jobs/job_1782820769878 "HTTP/1.1 200 OK"
2026-06-30 14:04:23,885 | INFO     | HTTP Request: GET http://localhost:4000/api/jobs/job_1782820769687 "HTTP/1.1 200 OK"
2026-06-30 14:04:25,633 | INFO     | HTTP Request: GET http://localhost:4000/api/jobs/job_1782820769878 "HTTP/1.1 200 OK"
2026-06-30 14:04:25,899 | INFO     | HTTP Request: GET http://localhost:4000/api/jobs/job_1782820769687 "HTTP/1.1 200 OK"
2026-06-30 14:04:27,649 | INFO     | HTTP Request: GET http://localhost:4000/api/jobs/job_1782820769878 "HTTP/1.1 200 OK"
2026-06-30 14:04:27,916 | INFO     | HTTP Request: GET http://localhost:4000/api/jobs/job_1782820769687 "HTTP/1.1 200 OK"
2026-06-30 14:04:29,670 | INFO     | HTTP Request: GET http://localhost:4000/api/jobs/job_1782820769878 "HTTP/1.1 200 OK"
2026-06-30 14:04:29,936 | INFO     | HTTP Request: GET http://localhost:4000/api/jobs/job_1782820769687 "HTTP/1.1 200 OK"
2026-06-30 14:04:31,684 | INFO     | HTTP Request: GET http://localhost:4000/api/jobs/job_1782820769878 "HTTP/1.1 200 OK"
2026-06-30 14:04:31,948 | INFO     | HTTP Request: GET http://localhost:4000/api/jobs/job_1782820769687 "HTTP/1.1 200 OK"
2026-06-30 14:04:33,690 | INFO     | HTTP Request: GET http://localhost:4000/api/jobs/job_1782820769878 "HTTP/1.1 200 OK"
2026-06-30 14:04:33,953 | INFO     | HTTP Request: GET http://localhost:4000/api/jobs/job_1782820769687 "HTTP/1.1 200 OK"
2026-06-30 14:04:35,721 | INFO     | HTTP Request: GET http://localhost:4000/api/jobs/job_1782820769878 "HTTP/1.1 200 OK"
2026-06-30 14:04:35,954 | INFO     | HTTP Request: GET http://localhost:4000/api/jobs/job_1782820769687 "HTTP/1.1 200 OK"
2026-06-30 14:04:37,738 | INFO     | HTTP Request: GET http://localhost:4000/api/jobs/job_1782820769878 "HTTP/1.1 200 OK"
2026-06-30 14:04:37,970 | INFO     | HTTP Request: GET http://localhost:4000/api/jobs/job_1782820769687 "HTTP/1.1 200 OK"
2026-06-30 14:04:39,762 | INFO     | HTTP Request: GET http://localhost:4000/api/jobs/job_1782820769878 "HTTP/1.1 200 OK"
2026-06-30 14:04:39,982 | INFO     | HTTP Request: GET http://localhost:4000/api/jobs/job_1782820769687 "HTTP/1.1 200 OK"
2026-06-30 14:04:41,777 | INFO     | HTTP Request: GET http://localhost:4000/api/jobs/job_1782820769878 "HTTP/1.1 200 OK"
2026-06-30 14:04:41,993 | INFO     | HTTP Request: GET http://localhost:4000/api/jobs/job_1782820769687 "HTTP/1.1 200 OK"
2026-06-30 14:04:43,789 | INFO     | HTTP Request: GET http://localhost:4000/api/jobs/job_1782820769878 "HTTP/1.1 200 OK"
2026-06-30 14:04:44,008 | INFO     | HTTP Request: GET http://localhost:4000/api/jobs/job_1782820769687 "HTTP/1.1 200 OK"
2026-06-30 14:04:45,797 | INFO     | HTTP Request: GET http://localhost:4000/api/jobs/job_1782820769878 "HTTP/1.1 200 OK"
2026-06-30 14:04:46,033 | INFO     | HTTP Request: GET http://localhost:4000/api/jobs/job_1782820769687 "HTTP/1.1 200 OK"
2026-06-30 14:04:47,808 | INFO     | HTTP Request: GET http://localhost:4000/api/jobs/job_1782820769878 "HTTP/1.1 200 OK"
2026-06-30 14:04:48,045 | INFO     | HTTP Request: GET http://localhost:4000/api/jobs/job_1782820769687 "HTTP/1.1 200 OK"
2026-06-30 14:04:49,824 | INFO     | HTTP Request: GET http://localhost:4000/api/jobs/job_1782820769878 "HTTP/1.1 200 OK"
2026-06-30 14:04:50,058 | INFO     | HTTP Request: GET http://localhost:4000/api/jobs/job_1782820769687 "HTTP/1.1 200 OK"
2026-06-30 14:04:51,833 | INFO     | HTTP Request: GET http://localhost:4000/api/jobs/job_1782820769878 "HTTP/1.1 200 OK"
2026-06-30 14:04:52,069 | INFO     | HTTP Request: GET http://localhost:4000/api/jobs/job_1782820769687 "HTTP/1.1 200 OK"
2026-06-30 14:04:53,858 | INFO     | HTTP Request: GET http://localhost:4000/api/jobs/job_1782820769878 "HTTP/1.1 200 OK"
2026-06-30 14:04:54,094 | INFO     | HTTP Request: GET http://localhost:4000/api/jobs/job_1782820769687 "HTTP/1.1 200 OK"
2026-06-30 14:04:55,874 | INFO     | HTTP Request: GET http://localhost:4000/api/jobs/job_1782820769878 "HTTP/1.1 200 OK"
2026-06-30 14:04:56,109 | INFO     | HTTP Request: GET http://localhost:4000/api/jobs/job_1782820769687 "HTTP/1.1 200 OK"
2026-06-30 14:04:57,884 | INFO     | HTTP Request: GET http://localhost:4000/api/jobs/job_1782820769878 "HTTP/1.1 200 OK"
2026-06-30 14:04:58,119 | INFO     | HTTP Request: GET http://localhost:4000/api/jobs/job_1782820769687 "HTTP/1.1 200 OK"
2026-06-30 14:04:59,903 | INFO     | HTTP Request: GET http://localhost:4000/api/jobs/job_1782820769878 "HTTP/1.1 200 OK"
2026-06-30 14:05:00,136 | INFO     | HTTP Request: GET http://localhost:4000/api/jobs/job_1782820769687 "HTTP/1.1 200 OK"
2026-06-30 14:05:02,043 | INFO     | HTTP Request: GET http://localhost:4000/api/jobs/job_1782820769878 "HTTP/1.1 200 OK"
2026-06-30 14:05:02,150 | INFO     | HTTP Request: GET http://localhost:4000/api/jobs/job_1782820769687 "HTTP/1.1 200 OK"
2026-06-30 14:05:04,056 | INFO     | HTTP Request: GET http://localhost:4000/api/jobs/job_1782820769878 "HTTP/1.1 200 OK"
2026-06-30 14:05:04,166 | INFO     | HTTP Request: GET http://localhost:4000/api/jobs/job_1782820769687 "HTTP/1.1 200 OK"
2026-06-30 14:05:06,057 | INFO     | HTTP Request: GET http://localhost:4000/api/jobs/job_1782820769878 "HTTP/1.1 200 OK"
2026-06-30 14:05:06,184 | INFO     | HTTP Request: GET http://localhost:4000/api/jobs/job_1782820769687 "HTTP/1.1 200 OK"
2026-06-30 14:05:08,071 | INFO     | HTTP Request: GET http://localhost:4000/api/jobs/job_1782820769878 "HTTP/1.1 200 OK"
2026-06-30 14:05:08,197 | INFO     | HTTP Request: GET http://localhost:4000/api/jobs/job_1782820769687 "HTTP/1.1 200 OK"
2026-06-30 14:05:10,098 | INFO     | HTTP Request: GET http://localhost:4000/api/jobs/job_1782820769878 "HTTP/1.1 200 OK"
2026-06-30 14:05:10,207 | INFO     | HTTP Request: GET http://localhost:4000/api/jobs/job_1782820769687 "HTTP/1.1 200 OK"
2026-06-30 14:05:12,124 | INFO     | HTTP Request: GET http://localhost:4000/api/jobs/job_1782820769878 "HTTP/1.1 200 OK"
2026-06-30 14:05:12,234 | INFO     | HTTP Request: GET http://localhost:4000/api/jobs/job_1782820769687 "HTTP/1.1 200 OK"
2026-06-30 14:05:14,127 | INFO     | HTTP Request: GET http://localhost:4000/api/jobs/job_1782820769878 "HTTP/1.1 200 OK"
2026-06-30 14:05:14,236 | INFO     | HTTP Request: GET http://localhost:4000/api/jobs/job_1782820769687 "HTTP/1.1 200 OK"
2026-06-30 14:05:16,161 | INFO     | HTTP Request: GET http://localhost:4000/api/jobs/job_1782820769878 "HTTP/1.1 200 OK"
2026-06-30 14:05:16,238 | INFO     | HTTP Request: GET http://localhost:4000/api/jobs/job_1782820769687 "HTTP/1.1 200 OK"
2026-06-30 14:05:18,191 | INFO     | HTTP Request: GET http://localhost:4000/api/jobs/job_1782820769878 "HTTP/1.1 200 OK"
2026-06-30 14:05:18,251 | INFO     | HTTP Request: GET http://localhost:4000/api/jobs/job_1782820769687 "HTTP/1.1 200 OK"
2026-06-30 14:05:20,217 | INFO     | HTTP Request: GET http://localhost:4000/api/jobs/job_1782820769878 "HTTP/1.1 200 OK"
2026-06-30 14:05:20,263 | INFO     | HTTP Request: GET http://localhost:4000/api/jobs/job_1782820769687 "HTTP/1.1 200 OK"
2026-06-30 14:05:22,232 | INFO     | HTTP Request: GET http://localhost:4000/api/jobs/job_1782820769878 "HTTP/1.1 200 OK"
2026-06-30 14:05:22,279 | INFO     | HTTP Request: GET http://localhost:4000/api/jobs/job_1782820769687 "HTTP/1.1 200 OK"
2026-06-30 14:05:24,234 | INFO     | HTTP Request: GET http://localhost:4000/api/jobs/job_1782820769878 "HTTP/1.1 200 OK"
2026-06-30 14:05:24,296 | INFO     | HTTP Request: GET http://localhost:4000/api/jobs/job_1782820769687 "HTTP/1.1 200 OK"
2026-06-30 14:05:26,247 | INFO     | HTTP Request: GET http://localhost:4000/api/jobs/job_1782820769878 "HTTP/1.1 200 OK"
2026-06-30 14:05:26,308 | INFO     | HTTP Request: GET http://localhost:4000/api/jobs/job_1782820769687 "HTTP/1.1 200 OK"
2026-06-30 14:05:28,250 | INFO     | HTTP Request: GET http://localhost:4000/api/jobs/job_1782820769878 "HTTP/1.1 200 OK"
2026-06-30 14:05:28,327 | INFO     | HTTP Request: GET http://localhost:4000/api/jobs/job_1782820769687 "HTTP/1.1 200 OK"
2026-06-30 14:05:30,251 | INFO     | HTTP Request: GET http://localhost:4000/api/jobs/job_1782820769878 "HTTP/1.1 200 OK"
2026-06-30 14:05:30,343 | INFO     | HTTP Request: GET http://localhost:4000/api/jobs/job_1782820769687 "HTTP/1.1 200 OK"
2026-06-30 14:05:32,263 | INFO     | HTTP Request: GET http://localhost:4000/api/jobs/job_1782820769878 "HTTP/1.1 200 OK"
2026-06-30 14:05:32,358 | INFO     | HTTP Request: GET http://localhost:4000/api/jobs/job_1782820769687 "HTTP/1.1 200 OK"
2026-06-30 14:05:34,278 | INFO     | HTTP Request: GET http://localhost:4000/api/jobs/job_1782820769878 "HTTP/1.1 200 OK"
2026-06-30 14:05:34,372 | INFO     | HTTP Request: GET http://localhost:4000/api/jobs/job_1782820769687 "HTTP/1.1 200 OK"
2026-06-30 14:05:36,293 | INFO     | HTTP Request: GET http://localhost:4000/api/jobs/job_1782820769878 "HTTP/1.1 200 OK"
2026-06-30 14:05:36,385 | INFO     | HTTP Request: GET http://localhost:4000/api/jobs/job_1782820769687 "HTTP/1.1 200 OK"
2026-06-30 14:05:38,294 | INFO     | HTTP Request: GET http://localhost:4000/api/jobs/job_1782820769878 "HTTP/1.1 200 OK"
2026-06-30 14:05:38,405 | INFO     | HTTP Request: GET http://localhost:4000/api/jobs/job_1782820769687 "HTTP/1.1 200 OK"
2026-06-30 14:05:40,304 | INFO     | HTTP Request: GET http://localhost:4000/api/jobs/job_1782820769878 "HTTP/1.1 200 OK"
2026-06-30 14:05:40,416 | INFO     | HTTP Request: GET http://localhost:4000/api/jobs/job_1782820769687 "HTTP/1.1 200 OK"
2026-06-30 14:05:42,325 | INFO     | HTTP Request: GET http://localhost:4000/api/jobs/job_1782820769878 "HTTP/1.1 200 OK"
2026-06-30 14:05:42,434 | INFO     | HTTP Request: GET http://localhost:4000/api/jobs/job_1782820769687 "HTTP/1.1 200 OK"
2026-06-30 14:05:44,353 | INFO     | HTTP Request: GET http://localhost:4000/api/jobs/job_1782820769878 "HTTP/1.1 200 OK"
2026-06-30 14:05:44,439 | INFO     | HTTP Request: GET http://localhost:4000/api/jobs/job_1782820769687 "HTTP/1.1 200 OK"
2026-06-30 14:05:46,369 | INFO     | HTTP Request: GET http://localhost:4000/api/jobs/job_1782820769878 "HTTP/1.1 200 OK"
2026-06-30 14:05:46,447 | INFO     | HTTP Request: GET http://localhost:4000/api/jobs/job_1782820769687 "HTTP/1.1 200 OK"
2026-06-30 14:05:48,383 | INFO     | HTTP Request: GET http://localhost:4000/api/jobs/job_1782820769878 "HTTP/1.1 200 OK"
2026-06-30 14:05:48,460 | INFO     | HTTP Request: GET http://localhost:4000/api/jobs/job_1782820769687 "HTTP/1.1 200 OK"
2026-06-30 14:05:50,404 | INFO     | HTTP Request: GET http://localhost:4000/api/jobs/job_1782820769878 "HTTP/1.1 200 OK"
2026-06-30 14:05:50,481 | INFO     | HTTP Request: GET http://localhost:4000/api/jobs/job_1782820769687 "HTTP/1.1 200 OK"
2026-06-30 14:05:52,426 | INFO     | HTTP Request: GET http://localhost:4000/api/jobs/job_1782820769878 "HTTP/1.1 200 OK"
2026-06-30 14:05:52,484 | INFO     | HTTP Request: GET http://localhost:4000/api/jobs/job_1782820769687 "HTTP/1.1 200 OK"
2026-06-30 14:05:54,452 | INFO     | HTTP Request: GET http://localhost:4000/api/jobs/job_1782820769878 "HTTP/1.1 200 OK"
2026-06-30 14:05:54,498 | INFO     | HTTP Request: GET http://localhost:4000/api/jobs/job_1782820769687 "HTTP/1.1 200 OK"
2026-06-30 14:05:56,449 | INFO     | HTTP Request: GET http://localhost:4000/api/jobs/job_1782820769878 "HTTP/1.1 200 OK"
2026-06-30 14:05:56,512 | INFO     | HTTP Request: GET http://localhost:4000/api/jobs/job_1782820769687 "HTTP/1.1 200 OK"
2026-06-30 14:05:58,463 | INFO     | HTTP Request: GET http://localhost:4000/api/jobs/job_1782820769878 "HTTP/1.1 200 OK"
2026-06-30 14:05:58,527 | INFO     | HTTP Request: GET http://localhost:4000/api/jobs/job_1782820769687 "HTTP/1.1 200 OK"
2026-06-30 14:06:00,462 | INFO     | HTTP Request: GET http://localhost:4000/api/jobs/job_1782820769878 "HTTP/1.1 200 OK"
2026-06-30 14:06:00,541 | INFO     | HTTP Request: GET http://localhost:4000/api/jobs/job_1782820769687 "HTTP/1.1 200 OK"
2026-06-30 14:06:02,473 | INFO     | HTTP Request: GET http://localhost:4000/api/jobs/job_1782820769878 "HTTP/1.1 200 OK"
2026-06-30 14:06:02,552 | INFO     | HTTP Request: GET http://localhost:4000/api/jobs/job_1782820769687 "HTTP/1.1 200 OK"
2026-06-30 14:06:04,497 | INFO     | HTTP Request: GET http://localhost:4000/api/jobs/job_1782820769878 "HTTP/1.1 200 OK"
2026-06-30 14:06:04,572 | INFO     | HTTP Request: GET http://localhost:4000/api/jobs/job_1782820769687 "HTTP/1.1 200 OK"
2026-06-30 14:06:06,511 | INFO     | HTTP Request: GET http://localhost:4000/api/jobs/job_1782820769878 "HTTP/1.1 200 OK"
2026-06-30 14:06:06,593 | INFO     | HTTP Request: GET http://localhost:4000/api/jobs/job_1782820769687 "HTTP/1.1 200 OK"
2026-06-30 14:06:08,545 | INFO     | HTTP Request: GET http://localhost:4000/api/jobs/job_1782820769878 "HTTP/1.1 200 OK"
2026-06-30 14:06:08,606 | INFO     | HTTP Request: GET http://localhost:4000/api/jobs/job_1782820769687 "HTTP/1.1 200 OK"
2026-06-30 14:06:10,554 | INFO     | HTTP Request: GET http://localhost:4000/api/jobs/job_1782820769878 "HTTP/1.1 200 OK"
2026-06-30 14:06:10,617 | INFO     | HTTP Request: GET http://localhost:4000/api/jobs/job_1782820769687 "HTTP/1.1 200 OK"
2026-06-30 14:06:12,586 | INFO     | HTTP Request: GET http://localhost:4000/api/jobs/job_1782820769878 "HTTP/1.1 200 OK"
2026-06-30 14:06:12,630 | INFO     | HTTP Request: GET http://localhost:4000/api/jobs/job_1782820769687 "HTTP/1.1 200 OK"
2026-06-30 14:06:14,594 | INFO     | HTTP Request: GET http://localhost:4000/api/jobs/job_1782820769878 "HTTP/1.1 200 OK"
2026-06-30 14:06:14,654 | INFO     | HTTP Request: GET http://localhost:4000/api/jobs/job_1782820769687 "HTTP/1.1 200 OK"
2026-06-30 14:06:16,606 | INFO     | HTTP Request: GET http://localhost:4000/api/jobs/job_1782820769878 "HTTP/1.1 200 OK"
2026-06-30 14:06:16,668 | INFO     | HTTP Request: GET http://localhost:4000/api/jobs/job_1782820769687 "HTTP/1.1 200 OK"
2026-06-30 14:06:18,623 | INFO     | HTTP Request: GET http://localhost:4000/api/jobs/job_1782820769878 "HTTP/1.1 200 OK"
2026-06-30 14:06:18,684 | INFO     | HTTP Request: GET http://localhost:4000/api/jobs/job_1782820769687 "HTTP/1.1 200 OK"
2026-06-30 14:06:20,634 | INFO     | HTTP Request: GET http://localhost:4000/api/jobs/job_1782820769878 "HTTP/1.1 200 OK"
2026-06-30 14:06:20,699 | INFO     | HTTP Request: GET http://localhost:4000/api/jobs/job_1782820769687 "HTTP/1.1 200 OK"
2026-06-30 14:06:22,650 | INFO     | HTTP Request: GET http://localhost:4000/api/jobs/job_1782820769878 "HTTP/1.1 200 OK"
2026-06-30 14:06:22,712 | INFO     | HTTP Request: GET http://localhost:4000/api/jobs/job_1782820769687 "HTTP/1.1 200 OK"
2026-06-30 14:06:24,677 | INFO     | HTTP Request: GET http://localhost:4000/api/jobs/job_1782820769878 "HTTP/1.1 200 OK"
2026-06-30 14:06:24,721 | INFO     | HTTP Request: GET http://localhost:4000/api/jobs/job_1782820769687 "HTTP/1.1 200 OK"
2026-06-30 14:06:26,700 | INFO     | HTTP Request: GET http://localhost:4000/api/jobs/job_1782820769878 "HTTP/1.1 200 OK"
2026-06-30 14:06:26,748 | INFO     | HTTP Request: GET http://localhost:4000/api/jobs/job_1782820769687 "HTTP/1.1 200 OK"
2026-06-30 14:06:28,718 | INFO     | HTTP Request: GET http://localhost:4000/api/jobs/job_1782820769878 "HTTP/1.1 200 OK"
2026-06-30 14:06:28,765 | INFO     | HTTP Request: GET http://localhost:4000/api/jobs/job_1782820769687 "HTTP/1.1 200 OK"
2026-06-30 14:06:30,710 | INFO     | HTTP Request: GET http://localhost:4000/api/jobs/job_1782820769878 "HTTP/1.1 200 OK"
2026-06-30 14:06:30,769 | INFO     | HTTP Request: GET http://localhost:4000/api/jobs/job_1782820769687 "HTTP/1.1 200 OK"
2026-06-30 14:06:32,726 | INFO     | HTTP Request: GET http://localhost:4000/api/jobs/job_1782820769878 "HTTP/1.1 200 OK"
2026-06-30 14:06:32,784 | INFO     | HTTP Request: GET http://localhost:4000/api/jobs/job_1782820769687 "HTTP/1.1 200 OK"
2026-06-30 14:06:34,750 | INFO     | HTTP Request: GET http://localhost:4000/api/jobs/job_1782820769878 "HTTP/1.1 200 OK"
2026-06-30 14:06:34,811 | INFO     | HTTP Request: GET http://localhost:4000/api/jobs/job_1782820769687 "HTTP/1.1 200 OK"
2026-06-30 14:06:36,751 | INFO     | HTTP Request: GET http://localhost:4000/api/jobs/job_1782820769878 "HTTP/1.1 200 OK"
2026-06-30 14:06:36,813 | INFO     | HTTP Request: GET http://localhost:4000/api/jobs/job_1782820769687 "HTTP/1.1 200 OK"
2026-06-30 14:06:38,774 | INFO     | HTTP Request: GET http://localhost:4000/api/jobs/job_1782820769878 "HTTP/1.1 200 OK"
2026-06-30 14:06:38,819 | INFO     | HTTP Request: GET http://localhost:4000/api/jobs/job_1782820769687 "HTTP/1.1 200 OK"
2026-06-30 14:06:40,799 | INFO     | HTTP Request: GET http://localhost:4000/api/jobs/job_1782820769878 "HTTP/1.1 200 OK"
2026-06-30 14:06:40,828 | INFO     | HTTP Request: GET http://localhost:4000/api/jobs/job_1782820769687 "HTTP/1.1 200 OK"
2026-06-30 14:06:42,827 | INFO     | HTTP Request: GET http://localhost:4000/api/jobs/job_1782820769878 "HTTP/1.1 200 OK"
2026-06-30 14:06:42,841 | INFO     | HTTP Request: GET http://localhost:4000/api/jobs/job_1782820769687 "HTTP/1.1 200 OK"
2026-06-30 14:06:44,850 | INFO     | HTTP Request: GET http://localhost:4000/api/jobs/job_1782820769878 "HTTP/1.1 200 OK"
2026-06-30 14:06:44,854 | INFO     | HTTP Request: GET http://localhost:4000/api/jobs/job_1782820769687 "HTTP/1.1 200 OK"
2026-06-30 14:06:46,876 | INFO     | HTTP Request: GET http://localhost:4000/api/jobs/job_1782820769687 "HTTP/1.1 200 OK"
2026-06-30 14:06:46,877 | INFO     | HTTP Request: GET http://localhost:4000/api/jobs/job_1782820769878 "HTTP/1.1 200 OK"
2026-06-30 14:06:48,890 | INFO     | HTTP Request: GET http://localhost:4000/api/jobs/job_1782820769687 "HTTP/1.1 200 OK"
2026-06-30 14:06:48,894 | INFO     | HTTP Request: GET http://localhost:4000/api/jobs/job_1782820769878 "HTTP/1.1 200 OK"
2026-06-30 14:06:50,904 | INFO     | HTTP Request: GET http://localhost:4000/api/jobs/job_1782820769687 "HTTP/1.1 200 OK"
2026-06-30 14:06:50,906 | INFO     | HTTP Request: GET http://localhost:4000/api/jobs/job_1782820769878 "HTTP/1.1 200 OK"
2026-06-30 14:06:52,903 | INFO     | HTTP Request: GET http://localhost:4000/api/jobs/job_1782820769878 "HTTP/1.1 200 OK"
2026-06-30 14:06:52,904 | INFO     | HTTP Request: GET http://localhost:4000/api/jobs/job_1782820769687 "HTTP/1.1 200 OK"
2026-06-30 14:06:54,917 | INFO     | HTTP Request: GET http://localhost:4000/api/jobs/job_1782820769687 "HTTP/1.1 200 OK"
2026-06-30 14:06:54,919 | INFO     | HTTP Request: GET http://localhost:4000/api/jobs/job_1782820769878 "HTTP/1.1 200 OK"
2026-06-30 14:06:56,918 | INFO     | HTTP Request: GET http://localhost:4000/api/jobs/job_1782820769878 "HTTP/1.1 200 OK"
2026-06-30 14:06:56,919 | INFO     | HTTP Request: GET http://localhost:4000/api/jobs/job_1782820769687 "HTTP/1.1 200 OK"
2026-06-30 14:06:58,918 | INFO     | HTTP Request: GET http://localhost:4000/api/jobs/job_1782820769878 "HTTP/1.1 200 OK"
2026-06-30 14:06:58,920 | INFO     | HTTP Request: GET http://localhost:4000/api/jobs/job_1782820769687 "HTTP/1.1 200 OK"
2026-06-30 14:07:00,921 | INFO     | HTTP Request: GET http://localhost:4000/api/jobs/job_1782820769878 "HTTP/1.1 200 OK"
2026-06-30 14:07:00,922 | INFO     | HTTP Request: GET http://localhost:4000/api/jobs/job_1782820769687 "HTTP/1.1 200 OK"
2026-06-30 14:07:02,928 | INFO     | HTTP Request: GET http://localhost:4000/api/jobs/job_1782820769687 "HTTP/1.1 200 OK"
2026-06-30 14:07:02,932 | INFO     | HTTP Request: GET http://localhost:4000/api/jobs/job_1782820769878 "HTTP/1.1 200 OK"
2026-06-30 14:07:04,945 | INFO     | HTTP Request: GET http://localhost:4000/api/jobs/job_1782820769878 "HTTP/1.1 200 OK"
2026-06-30 14:07:04,947 | INFO     | HTTP Request: GET http://localhost:4000/api/jobs/job_1782820769687 "HTTP/1.1 200 OK"
2026-06-30 14:07:06,963 | INFO     | HTTP Request: GET http://localhost:4000/api/jobs/job_1782820769878 "HTTP/1.1 200 OK"
2026-06-30 14:07:06,966 | INFO     | HTTP Request: GET http://localhost:4000/api/jobs/job_1782820769687 "HTTP/1.1 200 OK"
2026-06-30 14:07:08,983 | INFO     | HTTP Request: GET http://localhost:4000/api/jobs/job_1782820769878 "HTTP/1.1 200 OK"
2026-06-30 14:07:08,986 | INFO     | HTTP Request: GET http://localhost:4000/api/jobs/job_1782820769687 "HTTP/1.1 200 OK"
2026-06-30 14:07:10,994 | INFO     | HTTP Request: GET http://localhost:4000/api/jobs/job_1782820769878 "HTTP/1.1 200 OK"
2026-06-30 14:07:10,996 | INFO     | HTTP Request: GET http://localhost:4000/api/jobs/job_1782820769687 "HTTP/1.1 200 OK"
2026-06-30 14:07:13,011 | INFO     | HTTP Request: GET http://localhost:4000/api/jobs/job_1782820769878 "HTTP/1.1 200 OK"
2026-06-30 14:07:13,013 | INFO     | HTTP Request: GET http://localhost:4000/api/jobs/job_1782820769687 "HTTP/1.1 200 OK"
2026-06-30 14:07:15,026 | INFO     | HTTP Request: GET http://localhost:4000/api/jobs/job_1782820769687 "HTTP/1.1 200 OK"
2026-06-30 14:07:15,028 | INFO     | HTTP Request: GET http://localhost:4000/api/jobs/job_1782820769878 "HTTP/1.1 200 OK"
2026-06-30 14:07:17,039 | INFO     | HTTP Request: GET http://localhost:4000/api/jobs/job_1782820769878 "HTTP/1.1 200 OK"
2026-06-30 14:07:17,042 | INFO     | HTTP Request: GET http://localhost:4000/api/jobs/job_1782820769687 "HTTP/1.1 200 OK"
2026-06-30 14:07:19,063 | INFO     | HTTP Request: GET http://localhost:4000/api/jobs/job_1782820769878 "HTTP/1.1 200 OK"
2026-06-30 14:07:19,067 | INFO     | HTTP Request: GET http://localhost:4000/api/jobs/job_1782820769687 "HTTP/1.1 200 OK"
2026-06-30 14:07:21,064 | INFO     | HTTP Request: GET http://localhost:4000/api/jobs/job_1782820769878 "HTTP/1.1 200 OK"
2026-06-30 14:07:21,072 | INFO     | HTTP Request: GET http://localhost:4000/api/jobs/job_1782820769687 "HTTP/1.1 200 OK"
2026-06-30 14:07:23,096 | INFO     | HTTP Request: GET http://localhost:4000/api/jobs/job_1782820769878 "HTTP/1.1 200 OK"
2026-06-30 14:07:23,099 | INFO     | HTTP Request: GET http://localhost:4000/api/jobs/job_1782820769687 "HTTP/1.1 200 OK"
2026-06-30 14:07:25,124 | INFO     | HTTP Request: GET http://localhost:4000/api/jobs/job_1782820769878 "HTTP/1.1 200 OK"
2026-06-30 14:07:25,127 | INFO     | HTTP Request: GET http://localhost:4000/api/jobs/job_1782820769687 "HTTP/1.1 200 OK"
2026-06-30 14:07:27,138 | INFO     | HTTP Request: GET http://localhost:4000/api/jobs/job_1782820769878 "HTTP/1.1 200 OK"
2026-06-30 14:07:27,140 | INFO     | HTTP Request: GET http://localhost:4000/api/jobs/job_1782820769687 "HTTP/1.1 200 OK"
2026-06-30 14:07:29,187 | INFO     | HTTP Request: GET http://localhost:4000/api/jobs/job_1782820769878 "HTTP/1.1 200 OK"
2026-06-30 14:07:29,190 | INFO     | HTTP Request: GET http://localhost:4000/api/jobs/job_1782820769687 "HTTP/1.1 200 OK"
2026-06-30 14:07:31,241 | INFO     | HTTP Request: GET http://localhost:4000/api/jobs/job_1782820769878 "HTTP/1.1 200 OK"
2026-06-30 14:07:31,245 | INFO     | HTTP Request: GET http://localhost:4000/api/jobs/job_1782820769687 "HTTP/1.1 200 OK"
2026-06-30 14:07:33,255 | INFO     | HTTP Request: GET http://localhost:4000/api/jobs/job_1782820769687 "HTTP/1.1 200 OK"
2026-06-30 14:07:33,259 | INFO     | HTTP Request: GET http://localhost:4000/api/jobs/job_1782820769878 "HTTP/1.1 200 OK"
2026-06-30 14:07:35,269 | INFO     | HTTP Request: GET http://localhost:4000/api/jobs/job_1782820769878 "HTTP/1.1 200 OK"
2026-06-30 14:07:35,272 | INFO     | HTTP Request: GET http://localhost:4000/api/jobs/job_1782820769687 "HTTP/1.1 200 OK"
2026-06-30 14:07:37,285 | INFO     | HTTP Request: GET http://localhost:4000/api/jobs/job_1782820769687 "HTTP/1.1 200 OK"
2026-06-30 14:07:37,291 | INFO     | HTTP Request: GET http://localhost:4000/api/jobs/job_1782820769878 "HTTP/1.1 200 OK"
2026-06-30 14:07:39,309 | INFO     | HTTP Request: GET http://localhost:4000/api/jobs/job_1782820769878 "HTTP/1.1 200 OK"
2026-06-30 14:07:39,316 | INFO     | HTTP Request: GET http://localhost:4000/api/jobs/job_1782820769687 "HTTP/1.1 200 OK"
2026-06-30 14:07:41,309 | INFO     | HTTP Request: GET http://localhost:4000/api/jobs/job_1782820769878 "HTTP/1.1 200 OK"
2026-06-30 14:07:41,340 | INFO     | HTTP Request: GET http://localhost:4000/api/jobs/job_1782820769687 "HTTP/1.1 200 OK"
2026-06-30 14:07:43,325 | INFO     | HTTP Request: GET http://localhost:4000/api/jobs/job_1782820769878 "HTTP/1.1 200 OK"
2026-06-30 14:07:43,331 | INFO     | HTTP Request: GET http://localhost:4000/api/jobs/job_1782820769687 "HTTP/1.1 200 OK"
2026-06-30 14:07:45,338 | INFO     | HTTP Request: GET http://localhost:4000/api/jobs/job_1782820769878 "HTTP/1.1 200 OK"
2026-06-30 14:07:45,341 | INFO     | HTTP Request: GET http://localhost:4000/api/jobs/job_1782820769687 "HTTP/1.1 200 OK"
2026-06-30 14:07:47,350 | INFO     | HTTP Request: GET http://localhost:4000/api/jobs/job_1782820769687 "HTTP/1.1 200 OK"
2026-06-30 14:07:47,353 | INFO     | HTTP Request: GET http://localhost:4000/api/jobs/job_1782820769878 "HTTP/1.1 200 OK"
2026-06-30 14:07:49,377 | INFO     | HTTP Request: GET http://localhost:4000/api/jobs/job_1782820769878 "HTTP/1.1 200 OK"
2026-06-30 14:07:49,380 | INFO     | HTTP Request: GET http://localhost:4000/api/jobs/job_1782820769687 "HTTP/1.1 200 OK"
2026-06-30 14:07:51,433 | INFO     | HTTP Request: GET http://localhost:4000/api/jobs/job_1782820769878 "HTTP/1.1 200 OK"
2026-06-30 14:07:51,450 | INFO     | HTTP Request: GET http://localhost:4000/api/jobs/job_1782820769687 "HTTP/1.1 200 OK"
2026-06-30 14:07:53,468 | INFO     | HTTP Request: GET http://localhost:4000/api/jobs/job_1782820769878 "HTTP/1.1 200 OK"
2026-06-30 14:07:53,480 | INFO     | HTTP Request: GET http://localhost:4000/api/jobs/job_1782820769687 "HTTP/1.1 200 OK"
2026-06-30 14:07:55,497 | INFO     | HTTP Request: GET http://localhost:4000/api/jobs/job_1782820769878 "HTTP/1.1 200 OK"
2026-06-30 14:07:55,500 | INFO     | HTTP Request: GET http://localhost:4000/api/jobs/job_1782820769687 "HTTP/1.1 200 OK"
2026-06-30 14:07:57,509 | INFO     | HTTP Request: GET http://localhost:4000/api/jobs/job_1782820769687 "HTTP/1.1 200 OK"
2026-06-30 14:07:57,512 | INFO     | HTTP Request: GET http://localhost:4000/api/jobs/job_1782820769878 "HTTP/1.1 200 OK"
2026-06-30 14:07:59,521 | INFO     | HTTP Request: GET http://localhost:4000/api/jobs/job_1782820769878 "HTTP/1.1 200 OK"
2026-06-30 14:07:59,523 | INFO     | HTTP Request: GET http://localhost:4000/api/jobs/job_1782820769687 "HTTP/1.1 200 OK"
2026-06-30 14:08:01,544 | INFO     | HTTP Request: GET http://localhost:4000/api/jobs/job_1782820769687 "HTTP/1.1 200 OK"
2026-06-30 14:08:01,547 | INFO     | HTTP Request: GET http://localhost:4000/api/jobs/job_1782820769878 "HTTP/1.1 200 OK"
2026-06-30 14:08:03,555 | INFO     | HTTP Request: GET http://localhost:4000/api/jobs/job_1782820769878 "HTTP/1.1 200 OK"
2026-06-30 14:08:03,557 | INFO     | HTTP Request: GET http://localhost:4000/api/jobs/job_1782820769687 "HTTP/1.1 200 OK"
2026-06-30 14:08:05,565 | INFO     | HTTP Request: GET http://localhost:4000/api/jobs/job_1782820769687 "HTTP/1.1 200 OK"
2026-06-30 14:08:05,568 | INFO     | HTTP Request: GET http://localhost:4000/api/jobs/job_1782820769878 "HTTP/1.1 200 OK"
2026-06-30 14:08:07,594 | INFO     | HTTP Request: GET http://localhost:4000/api/jobs/job_1782820769878 "HTTP/1.1 200 OK"
2026-06-30 14:08:07,595 | INFO     | HTTP Request: GET http://localhost:4000/api/jobs/job_1782820769687 "HTTP/1.1 200 OK"
2026-06-30 14:08:09,602 | INFO     | HTTP Request: GET http://localhost:4000/api/jobs/job_1782820769687 "HTTP/1.1 200 OK"
2026-06-30 14:08:09,603 | INFO     | HTTP Request: GET http://localhost:4000/api/jobs/job_1782820769878 "HTTP/1.1 200 OK"
2026-06-30 14:08:11,631 | INFO     | HTTP Request: GET http://localhost:4000/api/jobs/job_1782820769878 "HTTP/1.1 200 OK"
2026-06-30 14:08:11,632 | INFO     | HTTP Request: GET http://localhost:4000/api/jobs/job_1782820769687 "HTTP/1.1 200 OK"
2026-06-30 14:08:13,661 | INFO     | HTTP Request: GET http://localhost:4000/api/jobs/job_1782820769687 "HTTP/1.1 200 OK"
2026-06-30 14:08:13,665 | INFO     | HTTP Request: GET http://localhost:4000/api/jobs/job_1782820769878 "HTTP/1.1 200 OK"
2026-06-30 14:08:15,677 | INFO     | HTTP Request: GET http://localhost:4000/api/jobs/job_1782820769687 "HTTP/1.1 200 OK"
2026-06-30 14:08:15,681 | INFO     | HTTP Request: GET http://localhost:4000/api/jobs/job_1782820769878 "HTTP/1.1 200 OK"
2026-06-30 14:08:17,704 | INFO     | HTTP Request: GET http://localhost:4000/api/jobs/job_1782820769878 "HTTP/1.1 200 OK"
2026-06-30 14:08:17,705 | INFO     | HTTP Request: GET http://localhost:4000/api/jobs/job_1782820769687 "HTTP/1.1 200 OK"
2026-06-30 14:08:19,721 | INFO     | HTTP Request: GET http://localhost:4000/api/jobs/job_1782820769878 "HTTP/1.1 200 OK"
2026-06-30 14:08:19,723 | INFO     | HTTP Request: GET http://localhost:4000/api/jobs/job_1782820769687 "HTTP/1.1 200 OK"
2026-06-30 14:08:21,752 | INFO     | HTTP Request: GET http://localhost:4000/api/jobs/job_1782820769687 "HTTP/1.1 200 OK"
2026-06-30 14:08:23,778 | INFO     | HTTP Request: GET http://localhost:4000/api/jobs/job_1782820769687 "HTTP/1.1 200 OK"
2026-06-30 14:08:25,792 | INFO     | HTTP Request: GET http://localhost:4000/api/jobs/job_1782820769687 "HTTP/1.1 200 OK"
2026-06-30 14:08:27,815 | INFO     | HTTP Request: GET http://localhost:4000/api/jobs/job_1782820769687 "HTTP/1.1 200 OK"
2026-06-30 14:08:29,833 | INFO     | HTTP Request: GET http://localhost:4000/api/jobs/job_1782820769687 "HTTP/1.1 200 OK"
2026-06-30 14:08:31,857 | INFO     | HTTP Request: GET http://localhost:4000/api/jobs/job_1782820769687 "HTTP/1.1 200 OK"
2026-06-30 14:08:33,872 | INFO     | HTTP Request: GET http://localhost:4000/api/jobs/job_1782820769687 "HTTP/1.1 200 OK"
2026-06-30 14:08:35,884 | INFO     | HTTP Request: GET http://localhost:4000/api/jobs/job_1782820769687 "HTTP/1.1 200 OK"
2026-06-30 14:08:37,896 | INFO     | HTTP Request: GET http://localhost:4000/api/jobs/job_1782820769687 "HTTP/1.1 200 OK"
2026-06-30 14:08:39,923 | INFO     | HTTP Request: GET http://localhost:4000/api/jobs/job_1782820769687 "HTTP/1.1 200 OK"
2026-06-30 14:08:41,953 | INFO     | HTTP Request: GET http://localhost:4000/api/jobs/job_1782820769687 "HTTP/1.1 200 OK"
2026-06-30 14:08:43,961 | INFO     | HTTP Request: GET http://localhost:4000/api/jobs/job_1782820769687 "HTTP/1.1 200 OK"
2026-06-30 14:08:45,995 | INFO     | HTTP Request: GET http://localhost:4000/api/jobs/job_1782820769687 "HTTP/1.1 200 OK"
2026-06-30 14:08:48,014 | INFO     | HTTP Request: GET http://localhost:4000/api/jobs/job_1782820769687 "HTTP/1.1 200 OK"
2026-06-30 14:08:50,027 | INFO     | HTTP Request: GET http://localhost:4000/api/jobs/job_1782820769687 "HTTP/1.1 200 OK"
2026-06-30 14:08:52,042 | INFO     | HTTP Request: GET http://localhost:4000/api/jobs/job_1782820769687 "HTTP/1.1 200 OK"
2026-06-30 14:08:54,026 | INFO     | HTTP Request: GET http://localhost:4000/api/jobs/job_1782820769687 "HTTP/1.1 200 OK"
2026-06-30 14:08:56,037 | INFO     | HTTP Request: GET http://localhost:4000/api/jobs/job_1782820769687 "HTTP/1.1 200 OK"
2026-06-30 14:08:58,056 | INFO     | HTTP Request: GET http://localhost:4000/api/jobs/job_1782820769687 "HTTP/1.1 200 OK"
2026-06-30 14:09:00,069 | INFO     | HTTP Request: GET http://localhost:4000/api/jobs/job_1782820769687 "HTTP/1.1 200 OK"
2026-06-30 14:09:00,095 | INFO     | 📊 Stats | Submitted: 2 | Succeeded: 2 | Failed: 0 | Elapsed: 570.46s
2026-06-30 14:09:00,096 | INFO     | 🏁 Batch Commander finished.
